[    0.000000] microcode: microcode updated early to revision 0xdc, date = 2020-04-27
[    0.000000] Linux version 5.4.0-42-generic (buildd@lgw01-amd64-023) (gcc version 7.5.0 (Ubuntu 7.5.0-3ubuntu1~18.04)) #46~18.04.1-Ubuntu SMP Fri Jul 10 07:21:24 UTC 2020 (Ubuntu 5.4.0-42.46~18.04.1-generic 5.4.44)
[    0.000000] Command line: BOOT_IMAGE=/boot/vmlinuz-5.4.0-42-generic root=/dev/mapper/elementary--vg-root ro intel_iommu=on quiet splash vt.handoff=1
[    0.000000] KERNEL supported cpus:
[    0.000000]   Intel GenuineIntel
[    0.000000]   AMD AuthenticAMD
[    0.000000]   Hygon HygonGenuine
[    0.000000]   Centaur CentaurHauls
[    0.000000]   zhaoxin   Shanghai  
[    0.000000] x86/fpu: Supporting XSAVE feature 0x001: 'x87 floating point registers'
[    0.000000] x86/fpu: Supporting XSAVE feature 0x002: 'SSE registers'
[    0.000000] x86/fpu: Supporting XSAVE feature 0x004: 'AVX registers'
[    0.000000] x86/fpu: Supporting XSAVE feature 0x008: 'MPX bounds registers'
[    0.000000] x86/fpu: Supporting XSAVE feature 0x010: 'MPX CSR'
[    0.000000] x86/fpu: xstate_offset[2]:  576, xstate_sizes[2]:  256
[    0.000000] x86/fpu: xstate_offset[3]:  832, xstate_sizes[3]:   64
[    0.000000] x86/fpu: xstate_offset[4]:  896, xstate_sizes[4]:   64
[    0.000000] x86/fpu: Enabled xstate features 0x1f, context size is 960 bytes, using 'compacted' format.
[    0.000000] BIOS-provided physical RAM map:
[    0.000000] BIOS-e820: [mem 0x0000000000000000-0x0000000000057fff] usable
[    0.000000] BIOS-e820: [mem 0x0000000000058000-0x0000000000058fff] reserved
[    0.000000] BIOS-e820: [mem 0x0000000000059000-0x000000000009efff] usable
[    0.000000] BIOS-e820: [mem 0x000000000009f000-0x00000000000fffff] reserved
[    0.000000] BIOS-e820: [mem 0x0000000000100000-0x00000000a3c06fff] usable
[    0.000000] BIOS-e820: [mem 0x00000000a3c07000-0x00000000a3c3bfff] ACPI data
[    0.000000] BIOS-e820: [mem 0x00000000a3c3c000-0x00000000a3fe4fff] usable
[    0.000000] BIOS-e820: [mem 0x00000000a3fe5000-0x00000000a3fe5fff] ACPI NVS
[    0.000000] BIOS-e820: [mem 0x00000000a3fe6000-0x00000000a3fe6fff] reserved
[    0.000000] BIOS-e820: [mem 0x00000000a3fe7000-0x00000000b0c48fff] usable
[    0.000000] BIOS-e820: [mem 0x00000000b0c49000-0x00000000b23a9fff] reserved
[    0.000000] BIOS-e820: [mem 0x00000000b23aa000-0x00000000b23bbfff] ACPI data
[    0.000000] BIOS-e820: [mem 0x00000000b23bc000-0x00000000b2576fff] usable
[    0.000000] BIOS-e820: [mem 0x00000000b2577000-0x00000000b2b9efff] ACPI NVS
[    0.000000] BIOS-e820: [mem 0x00000000b2b9f000-0x00000000b32fefff] reserved
[    0.000000] BIOS-e820: [mem 0x00000000b32ff000-0x00000000b32fffff] usable
[    0.000000] BIOS-e820: [mem 0x00000000b3300000-0x00000000b7ffffff] reserved
[    0.000000] BIOS-e820: [mem 0x00000000f8000000-0x00000000fbffffff] reserved
[    0.000000] BIOS-e820: [mem 0x00000000fe000000-0x00000000fe010fff] reserved
[    0.000000] BIOS-e820: [mem 0x00000000fec00000-0x00000000fec00fff] reserved
[    0.000000] BIOS-e820: [mem 0x00000000fee00000-0x00000000fee00fff] reserved
[    0.000000] BIOS-e820: [mem 0x00000000ff000000-0x00000000ffffffff] reserved
[    0.000000] BIOS-e820: [mem 0x0000000100000000-0x0000000246ffffff] usable
[    0.000000] NX (Execute Disable) protection: active
[    0.000000] e820: update [mem 0xa389a018-0xa38b9657] usable ==> usable
[    0.000000] e820: update [mem 0xa389a018-0xa38b9657] usable ==> usable
[    0.000000] e820: update [mem 0xa3889018-0xa3899057] usable ==> usable
[    0.000000] e820: update [mem 0xa3889018-0xa3899057] usable ==> usable
[    0.000000] e820: update [mem 0xa3878018-0xa3888e57] usable ==> usable
[    0.000000] e820: update [mem 0xa3878018-0xa3888e57] usable ==> usable
[    0.000000] extended physical RAM map:
[    0.000000] reserve setup_data: [mem 0x0000000000000000-0x0000000000057fff] usable
[    0.000000] reserve setup_data: [mem 0x0000000000058000-0x0000000000058fff] reserved
[    0.000000] reserve setup_data: [mem 0x0000000000059000-0x000000000009efff] usable
[    0.000000] reserve setup_data: [mem 0x000000000009f000-0x00000000000fffff] reserved
[    0.000000] reserve setup_data: [mem 0x0000000000100000-0x00000000a3878017] usable
[    0.000000] reserve setup_data: [mem 0x00000000a3878018-0x00000000a3888e57] usable
[    0.000000] reserve setup_data: [mem 0x00000000a3888e58-0x00000000a3889017] usable
[    0.000000] reserve setup_data: [mem 0x00000000a3889018-0x00000000a3899057] usable
[    0.000000] reserve setup_data: [mem 0x00000000a3899058-0x00000000a389a017] usable
[    0.000000] reserve setup_data: [mem 0x00000000a389a018-0x00000000a38b9657] usable
[    0.000000] reserve setup_data: [mem 0x00000000a38b9658-0x00000000a3c06fff] usable
[    0.000000] reserve setup_data: [mem 0x00000000a3c07000-0x00000000a3c3bfff] ACPI data
[    0.000000] reserve setup_data: [mem 0x00000000a3c3c000-0x00000000a3fe4fff] usable
[    0.000000] reserve setup_data: [mem 0x00000000a3fe5000-0x00000000a3fe5fff] ACPI NVS
[    0.000000] reserve setup_data: [mem 0x00000000a3fe6000-0x00000000a3fe6fff] reserved
[    0.000000] reserve setup_data: [mem 0x00000000a3fe7000-0x00000000b0c48fff] usable
[    0.000000] reserve setup_data: [mem 0x00000000b0c49000-0x00000000b23a9fff] reserved
[    0.000000] reserve setup_data: [mem 0x00000000b23aa000-0x00000000b23bbfff] ACPI data
[    0.000000] reserve setup_data: [mem 0x00000000b23bc000-0x00000000b2576fff] usable
[    0.000000] reserve setup_data: [mem 0x00000000b2577000-0x00000000b2b9efff] ACPI NVS
[    0.000000] reserve setup_data: [mem 0x00000000b2b9f000-0x00000000b32fefff] reserved
[    0.000000] reserve setup_data: [mem 0x00000000b32ff000-0x00000000b32fffff] usable
[    0.000000] reserve setup_data: [mem 0x00000000b3300000-0x00000000b7ffffff] reserved
[    0.000000] reserve setup_data: [mem 0x00000000f8000000-0x00000000fbffffff] reserved
[    0.000000] reserve setup_data: [mem 0x00000000fe000000-0x00000000fe010fff] reserved
[    0.000000] reserve setup_data: [mem 0x00000000fec00000-0x00000000fec00fff] reserved
[    0.000000] reserve setup_data: [mem 0x00000000fee00000-0x00000000fee00fff] reserved
[    0.000000] reserve setup_data: [mem 0x00000000ff000000-0x00000000ffffffff] reserved
[    0.000000] reserve setup_data: [mem 0x0000000100000000-0x0000000246ffffff] usable
[    0.000000] efi: EFI v2.50 by American Megatrends
[    0.000000] efi:  ACPI 2.0=0xa3c07000  ACPI=0xa3c07000  SMBIOS=0xb3203000  SMBIOS 3.0=0xb3202000  MPS=0xfc9f0  ESRT=0xaf3ec098 
[    0.000000] secureboot: Secure boot disabled
[    0.000000] SMBIOS 3.0.0 present.
[    0.000000] DMI: System manufacturer System Product Name/H110M-A/M.2, BIOS 3807 06/20/2018
[    0.000000] tsc: Detected 3400.000 MHz processor
[    0.001421] tsc: Detected 3399.906 MHz TSC
[    0.001421] e820: update [mem 0x00000000-0x00000fff] usable ==> reserved
[    0.001423] e820: remove [mem 0x000a0000-0x000fffff] usable
[    0.001429] last_pfn = 0x247000 max_arch_pfn = 0x400000000
[    0.001431] MTRR default type: write-back
[    0.001432] MTRR fixed ranges enabled:
[    0.001433]   00000-9FFFF write-back
[    0.001433]   A0000-BFFFF uncachable
[    0.001434]   C0000-FFFFF write-protect
[    0.001434] MTRR variable ranges enabled:
[    0.001435]   0 base 00C0000000 mask 7FC0000000 uncachable
[    0.001436]   1 base 00B8000000 mask 7FF8000000 uncachable
[    0.001437]   2 base 00B4000000 mask 7FFC000000 uncachable
[    0.001437]   3 base 00B3800000 mask 7FFF800000 uncachable
[    0.001438]   4 disabled
[    0.001438]   5 disabled
[    0.001438]   6 disabled
[    0.001439]   7 disabled
[    0.001439]   8 disabled
[    0.001439]   9 disabled
[    0.001706] x86/PAT: Configuration [0-7]: WB  WC  UC- UC  WB  WP  UC- WT  
[    0.001829] last_pfn = 0xb3300 max_arch_pfn = 0x400000000
[    0.007661] found SMP MP-table at [mem 0x000fcc50-0x000fcc5f]
[    0.007670] esrt: Reserving ESRT space from 0x00000000af3ec098 to 0x00000000af3ec0d0.
[    0.007674] e820: update [mem 0xaf3ec000-0xaf3ecfff] usable ==> reserved
[    0.007685] check: Scanning 1 areas for low memory corruption
[    0.007688] Using GB pages for direct mapping
[    0.007689] BRK [0x1b2e01000, 0x1b2e01fff] PGTABLE
[    0.007691] BRK [0x1b2e02000, 0x1b2e02fff] PGTABLE
[    0.007691] BRK [0x1b2e03000, 0x1b2e03fff] PGTABLE
[    0.007738] BRK [0x1b2e04000, 0x1b2e04fff] PGTABLE
[    0.007739] BRK [0x1b2e05000, 0x1b2e05fff] PGTABLE
[    0.008016] BRK [0x1b2e06000, 0x1b2e06fff] PGTABLE
[    0.008194] BRK [0x1b2e07000, 0x1b2e07fff] PGTABLE
[    0.008256] BRK [0x1b2e08000, 0x1b2e08fff] PGTABLE
[    0.008388] BRK [0x1b2e09000, 0x1b2e09fff] PGTABLE
[    0.008460] BRK [0x1b2e0a000, 0x1b2e0afff] PGTABLE
[    0.008462] BRK [0x1b2e0b000, 0x1b2e0bfff] PGTABLE
[    0.008516] BRK [0x1b2e0c000, 0x1b2e0cfff] PGTABLE
[    0.008609] secureboot: Secure boot disabled
[    0.008609] RAMDISK: [mem 0x3bf1f000-0x3fffdfff]
[    0.008616] ACPI: Early table checksum verification disabled
[    0.008619] ACPI: RSDP 0x00000000A3C07000 000024 (v02 ALASKA)
[    0.008621] ACPI: XSDT 0x00000000A3C070A8 0000CC (v01 ALASKA A M I    01072009 AMI  00010013)
[    0.008625] ACPI: FACP 0x00000000A3C2FDC8 000114 (v06 ALASKA A M I    01072009 AMI  00010013)
[    0.008628] ACPI: DSDT 0x00000000A3C07210 028BB2 (v02 ALASKA A M I    01072009 INTL 20160422)
[    0.008630] ACPI: FACS 0x00000000B2B9EC40 000040
[    0.008632] ACPI: APIC 0x00000000A3C2FEE0 0000BC (v03 ALASKA A M I    01072009 AMI  00010013)
[    0.008634] ACPI: FPDT 0x00000000A3C2FFA0 000044 (v01 ALASKA A M I    01072009 AMI  00010013)
[    0.008635] ACPI: DMAR 0x00000000A3C3B730 0000A8 (v01 INTEL  SKL      00000001 INTL 00000001)
[    0.008637] ACPI: MCFG 0x00000000A3C30040 00003C (v01 ALASKA A M I    01072009 MSFT 00000097)
[    0.008639] ACPI: SSDT 0x00000000A3C30080 000390 (v01 SataRe SataTabl 00001000 INTL 20160422)
[    0.008641] ACPI: FIDT 0x00000000A3C30410 00009C (v01 ALASKA A M I    01072009 AMI  00010013)
[    0.008643] ACPI: SSDT 0x00000000A3C304B0 003041 (v02 SaSsdt SaSsdt   00003000 INTL 20160422)
[    0.008645] ACPI: SSDT 0x00000000A3C334F8 002544 (v02 PegSsd PegSsdt  00001000 INTL 20160422)
[    0.008647] ACPI: HPET 0x00000000A3C35A40 000038 (v01 INTEL  SKL      00000001 MSFT 0000005F)
[    0.008648] ACPI: SSDT 0x00000000A3C35A78 000E3B (v02 INTEL  Ther_Rvp 00001000 INTL 20160422)
[    0.008650] ACPI: SSDT 0x00000000A3C368B8 000B19 (v02 INTEL  xh_rvp08 00000000 INTL 20160422)
[    0.008652] ACPI: UEFI 0x00000000A3C373D8 000042 (v01 INTEL  EDK2     00000002      01000013)
[    0.008654] ACPI: SSDT 0x00000000A3C37420 000EDE (v02 CpuRef CpuSsdt  00003000 INTL 20160422)
[    0.008656] ACPI: LPIT 0x00000000A3C38300 000094 (v01 INTEL  SKL      00000000 MSFT 0000005F)
[    0.008657] ACPI: WSMT 0x00000000A3C38398 000028 (v01 INTEL  SKL      00000000 MSFT 0000005F)
[    0.008659] ACPI: SSDT 0x00000000A3C383C0 00029F (v02 INTEL  sensrhub 00000000 INTL 20160422)
[    0.008661] ACPI: SSDT 0x00000000A3C38660 003002 (v02 INTEL  PtidDevc 00001000 INTL 20160422)
[    0.008663] ACPI: DBGP 0x00000000A3C3B668 000034 (v01 INTEL           00000002 MSFT 0000005F)
[    0.008664] ACPI: DBG2 0x00000000A3C3B6A0 000054 (v00 INTEL           00000002 MSFT 0000005F)
[    0.008666] ACPI: BGRT 0x00000000A3C3B6F8 000038 (v01 ALASKA A M I    01072009 AMI  00010013)
[    0.008673] ACPI: Local APIC address 0xfee00000
[    0.008812] No NUMA configuration found
[    0.008812] Faking a node at [mem 0x0000000000000000-0x0000000246ffffff]
[    0.008821] NODE_DATA(0) allocated [mem 0x246fd5000-0x246ffffff]
[    0.008958] Zone ranges:
[    0.008959]   DMA      [mem 0x0000000000001000-0x0000000000ffffff]
[    0.008960]   DMA32    [mem 0x0000000001000000-0x00000000ffffffff]
[    0.008960]   Normal   [mem 0x0000000100000000-0x0000000246ffffff]
[    0.008961]   Device   empty
[    0.008961] Movable zone start for each node
[    0.008963] Early memory node ranges
[    0.008964]   node   0: [mem 0x0000000000001000-0x0000000000057fff]
[    0.008965]   node   0: [mem 0x0000000000059000-0x000000000009efff]
[    0.008965]   node   0: [mem 0x0000000000100000-0x00000000a3c06fff]
[    0.008966]   node   0: [mem 0x00000000a3c3c000-0x00000000a3fe4fff]
[    0.008966]   node   0: [mem 0x00000000a3fe7000-0x00000000b0c48fff]
[    0.008966]   node   0: [mem 0x00000000b23bc000-0x00000000b2576fff]
[    0.008967]   node   0: [mem 0x00000000b32ff000-0x00000000b32fffff]
[    0.008967]   node   0: [mem 0x0000000100000000-0x0000000246ffffff]
[    0.009184] Zeroed struct page in unavailable ranges: 33429 pages
[    0.009185] Initmem setup node 0 [mem 0x0000000000001000-0x0000000246ffffff]
[    0.009186] On node 0 totalpages: 2063723
[    0.009186]   DMA zone: 64 pages used for memmap
[    0.009187]   DMA zone: 26 pages reserved
[    0.009187]   DMA zone: 3997 pages, LIFO batch:0
[    0.009221]   DMA32 zone: 11256 pages used for memmap
[    0.009221]   DMA32 zone: 720334 pages, LIFO batch:63
[    0.016351]   Normal zone: 20928 pages used for memmap
[    0.016352]   Normal zone: 1339392 pages, LIFO batch:63
[    0.027093] Reserving Intel graphics memory at [mem 0xb4000000-0xb7ffffff]
[    0.027283] ACPI: PM-Timer IO Port: 0x1808
[    0.027284] ACPI: Local APIC address 0xfee00000
[    0.027289] ACPI: LAPIC_NMI (acpi_id[0x01] high edge lint[0x1])
[    0.027289] ACPI: LAPIC_NMI (acpi_id[0x02] high edge lint[0x1])
[    0.027290] ACPI: LAPIC_NMI (acpi_id[0x03] high edge lint[0x1])
[    0.027290] ACPI: LAPIC_NMI (acpi_id[0x04] high edge lint[0x1])
[    0.027291] ACPI: LAPIC_NMI (acpi_id[0x05] high edge lint[0x1])
[    0.027291] ACPI: LAPIC_NMI (acpi_id[0x06] high edge lint[0x1])
[    0.027291] ACPI: LAPIC_NMI (acpi_id[0x07] high edge lint[0x1])
[    0.027292] ACPI: LAPIC_NMI (acpi_id[0x08] high edge lint[0x1])
[    0.027319] IOAPIC[0]: apic_id 2, version 32, address 0xfec00000, GSI 0-119
[    0.027320] ACPI: INT_SRC_OVR (bus 0 bus_irq 0 global_irq 2 dfl dfl)
[    0.027321] ACPI: INT_SRC_OVR (bus 0 bus_irq 9 global_irq 9 high level)
[    0.027322] ACPI: IRQ0 used by override.
[    0.027323] ACPI: IRQ9 used by override.
[    0.027324] Using ACPI (MADT) for SMP configuration information
[    0.027325] ACPI: HPET id: 0x8086a201 base: 0xfed00000
[    0.027330] e820: update [mem 0xadbe1000-0xadc26fff] usable ==> reserved
[    0.027338] smpboot: Allowing 8 CPUs, 0 hotplug CPUs
[    0.027353] PM: Registered nosave memory: [mem 0x00000000-0x00000fff]
[    0.027354] PM: Registered nosave memory: [mem 0x00058000-0x00058fff]
[    0.027355] PM: Registered nosave memory: [mem 0x0009f000-0x000fffff]
[    0.027356] PM: Registered nosave memory: [mem 0xa3878000-0xa3878fff]
[    0.027357] PM: Registered nosave memory: [mem 0xa3888000-0xa3888fff]
[    0.027357] PM: Registered nosave memory: [mem 0xa3889000-0xa3889fff]
[    0.027358] PM: Registered nosave memory: [mem 0xa3899000-0xa3899fff]
[    0.027359] PM: Registered nosave memory: [mem 0xa389a000-0xa389afff]
[    0.027360] PM: Registered nosave memory: [mem 0xa38b9000-0xa38b9fff]
[    0.027361] PM: Registered nosave memory: [mem 0xa3c07000-0xa3c3bfff]
[    0.027362] PM: Registered nosave memory: [mem 0xa3fe5000-0xa3fe5fff]
[    0.027363] PM: Registered nosave memory: [mem 0xa3fe6000-0xa3fe6fff]
[    0.027364] PM: Registered nosave memory: [mem 0xadbe1000-0xadc26fff]
[    0.027365] PM: Registered nosave memory: [mem 0xaf3ec000-0xaf3ecfff]
[    0.027366] PM: Registered nosave memory: [mem 0xb0c49000-0xb23a9fff]
[    0.027366] PM: Registered nosave memory: [mem 0xb23aa000-0xb23bbfff]
[    0.027367] PM: Registered nosave memory: [mem 0xb2577000-0xb2b9efff]
[    0.027368] PM: Registered nosave memory: [mem 0xb2b9f000-0xb32fefff]
[    0.027369] PM: Registered nosave memory: [mem 0xb3300000-0xb7ffffff]
[    0.027369] PM: Registered nosave memory: [mem 0xb8000000-0xf7ffffff]
[    0.027370] PM: Registered nosave memory: [mem 0xf8000000-0xfbffffff]
[    0.027370] PM: Registered nosave memory: [mem 0xfc000000-0xfdffffff]
[    0.027370] PM: Registered nosave memory: [mem 0xfe000000-0xfe010fff]
[    0.027371] PM: Registered nosave memory: [mem 0xfe011000-0xfebfffff]
[    0.027371] PM: Registered nosave memory: [mem 0xfec00000-0xfec00fff]
[    0.027371] PM: Registered nosave memory: [mem 0xfec01000-0xfedfffff]
[    0.027372] PM: Registered nosave memory: [mem 0xfee00000-0xfee00fff]
[    0.027372] PM: Registered nosave memory: [mem 0xfee01000-0xfeffffff]
[    0.027373] PM: Registered nosave memory: [mem 0xff000000-0xffffffff]
[    0.027374] [mem 0xb8000000-0xf7ffffff] available for PCI devices
[    0.027374] Booting paravirtualized kernel on bare hardware
[    0.027377] clocksource: refined-jiffies: mask: 0xffffffff max_cycles: 0xffffffff, max_idle_ns: 7645519600211568 ns
[    0.027382] setup_percpu: NR_CPUS:8192 nr_cpumask_bits:8 nr_cpu_ids:8 nr_node_ids:1
[    0.027508] percpu: Embedded 54 pages/cpu s184320 r8192 d28672 u262144
[    0.027513] pcpu-alloc: s184320 r8192 d28672 u262144 alloc=1*2097152
[    0.027514] pcpu-alloc: [0] 0 1 2 3 4 5 6 7 
[    0.027535] Built 1 zonelists, mobility grouping on.  Total pages: 2031449
[    0.027535] Policy zone: Normal
[    0.027536] Kernel command line: BOOT_IMAGE=/boot/vmlinuz-5.4.0-42-generic root=/dev/mapper/elementary--vg-root ro intel_iommu=on quiet splash vt.handoff=1
[    0.027577] DMAR: IOMMU enabled
[    0.027883] Dentry cache hash table entries: 1048576 (order: 11, 8388608 bytes, linear)
[    0.028038] Inode-cache hash table entries: 524288 (order: 10, 4194304 bytes, linear)
[    0.028096] mem auto-init: stack:off, heap alloc:on, heap free:off
[    0.030425] Calgary: detecting Calgary via BIOS EBDA area
[    0.030426] Calgary: Unable to locate Rio Grande table in EBDA - bailing!
[    0.044028] Memory: 7733180K/8254892K available (14339K kernel code, 2378K rwdata, 4924K rodata, 2704K init, 5020K bss, 521712K reserved, 0K cma-reserved)
[    0.044033] random: get_random_u64 called from __kmem_cache_create+0x41/0x550 with crng_init=0
[    0.044145] SLUB: HWalign=64, Order=0-3, MinObjects=0, CPUs=8, Nodes=1
[    0.044156] Kernel/User page tables isolation: enabled
[    0.044166] ftrace: allocating 44191 entries in 173 pages
[    0.057396] rcu: Hierarchical RCU implementation.
[    0.057396] rcu: 	RCU restricting CPUs from NR_CPUS=8192 to nr_cpu_ids=8.
[    0.057397] 	Tasks RCU enabled.
[    0.057398] rcu: RCU calculated value of scheduler-enlistment delay is 25 jiffies.
[    0.057398] rcu: Adjusting geometry for rcu_fanout_leaf=16, nr_cpu_ids=8
[    0.059590] NR_IRQS: 524544, nr_irqs: 2048, preallocated irqs: 16
[    0.060054] random: crng done (trusting CPU's manufacturer)
[    0.060070] vt handoff: transparent VT on vt#1
[    0.060077] Console: colour dummy device 80x25
[    0.060080] printk: console [tty0] enabled
[    0.060095] ACPI: Core revision 20190816
[    0.060351] clocksource: hpet: mask: 0xffffffff max_cycles: 0xffffffff, max_idle_ns: 79635855245 ns
[    0.060418] APIC: Switch to symmetric I/O mode setup
[    0.060419] DMAR: Host address width 39
[    0.060420] DMAR: DRHD base: 0x000000fed90000 flags: 0x0
[    0.060424] DMAR: dmar0: reg_base_addr fed90000 ver 1:0 cap 1c0000c40660462 ecap 7e3ff0505e
[    0.060425] DMAR: DRHD base: 0x000000fed91000 flags: 0x1
[    0.060427] DMAR: dmar1: reg_base_addr fed91000 ver 1:0 cap d2008c40660462 ecap f050da
[    0.060428] DMAR: RMRR base: 0x000000b1311000 end: 0x000000b1330fff
[    0.060428] DMAR: RMRR base: 0x000000b3800000 end: 0x000000b7ffffff
[    0.060429] DMAR-IR: IOAPIC id 2 under DRHD base  0xfed91000 IOMMU 1
[    0.060430] DMAR-IR: HPET id 0 under DRHD base 0xfed91000
[    0.060430] DMAR-IR: Queued invalidation will be enabled to support x2apic and Intr-remapping.
[    0.061866] DMAR-IR: Enabled IRQ remapping in x2apic mode
[    0.061867] x2apic enabled
[    0.061879] Switched APIC routing to cluster x2apic.
[    0.065835] ..TIMER: vector=0x30 apic1=0 pin1=2 apic2=-1 pin2=-1
[    0.084448] clocksource: tsc-early: mask: 0xffffffffffffffff max_cycles: 0x3101f59f5e6, max_idle_ns: 440795259996 ns
[    0.084451] Calibrating delay loop (skipped), value calculated using timer frequency.. 6799.81 BogoMIPS (lpj=13599624)
[    0.084453] pid_max: default: 32768 minimum: 301
[    0.090081] LSM: Security Framework initializing
[    0.090088] Yama: becoming mindful.
[    0.090116] AppArmor: AppArmor initialized
[    0.090150] Mount-cache hash table entries: 16384 (order: 5, 131072 bytes, linear)
[    0.090161] Mountpoint-cache hash table entries: 16384 (order: 5, 131072 bytes, linear)
[    0.090173] *** VALIDATE tmpfs ***
[    0.090279] *** VALIDATE proc ***
[    0.090315] *** VALIDATE cgroup1 ***
[    0.090316] *** VALIDATE cgroup2 ***
[    0.090367] mce: CPU0: Thermal monitoring enabled (TM1)
[    0.090382] process: using mwait in idle threads
[    0.090384] Last level iTLB entries: 4KB 64, 2MB 8, 4MB 8
[    0.090384] Last level dTLB entries: 4KB 64, 2MB 0, 4MB 0, 1GB 4
[    0.090386] Spectre V1 : Mitigation: usercopy/swapgs barriers and __user pointer sanitization
[    0.090387] Spectre V2 : Mitigation: Full generic retpoline
[    0.090388] Spectre V2 : Spectre v2 / SpectreRSB mitigation: Filling RSB on context switch
[    0.090388] Spectre V2 : Enabling Restricted Speculation for firmware calls
[    0.090389] Spectre V2 : mitigation: Enabling conditional Indirect Branch Prediction Barrier
[    0.090389] Spectre V2 : User space: Mitigation: STIBP via seccomp and prctl
[    0.090390] Speculative Store Bypass: Mitigation: Speculative Store Bypass disabled via prctl and seccomp
[    0.090393] TAA: Mitigation: Clear CPU buffers
[    0.090395] SRBDS: Mitigation: Microcode
[    0.090395] MDS: Mitigation: Clear CPU buffers
[    0.090586] Freeing SMP alternatives memory: 40K
[    0.092513] smpboot: CPU0: Intel(R) Core(TM) i7-6700 CPU @ 3.40GHz (family: 0x6, model: 0x5e, stepping: 0x3)
[    0.092620] Performance Events: PEBS fmt3+, Skylake events, 32-deep LBR, full-width counters, Intel PMU driver.
[    0.092624] ... version:                4
[    0.092625] ... bit width:              48
[    0.092625] ... generic registers:      4
[    0.092626] ... value mask:             0000ffffffffffff
[    0.092626] ... max period:             00007fffffffffff
[    0.092626] ... fixed-purpose events:   3
[    0.092627] ... event mask:             000000070000000f
[    0.092656] rcu: Hierarchical SRCU implementation.
[    0.093519] NMI watchdog: Enabled. Permanently consumes one hw-PMU counter.
[    0.093575] smp: Bringing up secondary CPUs ...
[    0.093635] x86: Booting SMP configuration:
[    0.093636] .... node  #0, CPUs:      #1 #2 #3 #4
[    0.098183] MDS CPU bug present and SMT on, data leak possible. See https://www.kernel.org/doc/html/latest/admin-guide/hw-vuln/mds.html for more details.
[    0.098183] TAA CPU bug present and SMT on, data leak possible. See https://www.kernel.org/doc/html/latest/admin-guide/hw-vuln/tsx_async_abort.html for more details.
[    0.098183]  #5 #6 #7
[    0.100888] smp: Brought up 1 node, 8 CPUs
[    0.100888] smpboot: Max logical packages: 1
[    0.100888] smpboot: Total of 8 processors activated (54398.49 BogoMIPS)
[    0.102744] devtmpfs: initialized
[    0.102744] x86/mm: Memory block size: 128MB
[    0.102744] PM: Registering ACPI NVS region [mem 0xa3fe5000-0xa3fe5fff] (4096 bytes)
[    0.102744] PM: Registering ACPI NVS region [mem 0xb2577000-0xb2b9efff] (6455296 bytes)
[    0.104532] clocksource: jiffies: mask: 0xffffffff max_cycles: 0xffffffff, max_idle_ns: 7645041785100000 ns
[    0.104532] futex hash table entries: 2048 (order: 5, 131072 bytes, linear)
[    0.104576] pinctrl core: initialized pinctrl subsystem
[    0.104719] PM: RTC time: 08:54:55, date: 2020-12-30
[    0.104808] NET: Registered protocol family 16
[    0.104885] audit: initializing netlink subsys (disabled)
[    0.104892] audit: type=2000 audit(1609318495.044:1): state=initialized audit_enabled=0 res=1
[    0.104892] EISA bus registered
[    0.104892] cpuidle: using governor ladder
[    0.104892] cpuidle: using governor menu
[    0.104892] ACPI FADT declares the system doesn't support PCIe ASPM, so disable it
[    0.104892] ACPI: bus type PCI registered
[    0.104892] acpiphp: ACPI Hot Plug PCI Controller Driver version: 0.5
[    0.104892] PCI: MMCONFIG for domain 0000 [bus 00-3f] at [mem 0xf8000000-0xfbffffff] (base 0xf8000000)
[    0.104892] PCI: MMCONFIG at [mem 0xf8000000-0xfbffffff] reserved in E820
[    0.104892] PCI: Using configuration type 1 for base access
[    0.105650] HugeTLB registered 1.00 GiB page size, pre-allocated 0 pages
[    0.105650] HugeTLB registered 2.00 MiB page size, pre-allocated 0 pages
[    0.105650] ACPI: Added _OSI(Module Device)
[    0.105650] ACPI: Added _OSI(Processor Device)
[    0.105650] ACPI: Added _OSI(3.0 _SCP Extensions)
[    0.105650] ACPI: Added _OSI(Processor Aggregator Device)
[    0.105650] ACPI: Added _OSI(Linux-Dell-Video)
[    0.105650] ACPI: Added _OSI(Linux-Lenovo-NV-HDMI-Audio)
[    0.105650] ACPI: Added _OSI(Linux-HPI-Hybrid-Graphics)
[    0.143612] ACPI: 9 ACPI AML tables successfully acquired and loaded
[    0.143980] ACPI: [Firmware Bug]: BIOS _OSI(Linux) query ignored
[    0.148686] ACPI: Dynamic OEM Table Load:
[    0.148691] ACPI: SSDT 0xFFFF89903D2FB800 000717 (v02 PmRef  Cpu0Ist  00003000 INTL 20160422)
[    0.149020] ACPI: \_PR_.CPU0: _OSC native thermal LVT Acked
[    0.149769] ACPI: Dynamic OEM Table Load:
[    0.149773] ACPI: SSDT 0xFFFF89903CAB3C00 0003FF (v02 PmRef  Cpu0Cst  00003001 INTL 20160422)
[    0.152809] ACPI: Dynamic OEM Table Load:
[    0.152813] ACPI: SSDT 0xFFFF89903CB7A000 00065C (v02 PmRef  ApIst    00003000 INTL 20160422)
[    0.156624] ACPI: Dynamic OEM Table Load:
[    0.156627] ACPI: SSDT 0xFFFF89903C872600 00018A (v02 PmRef  ApCst    00003000 INTL 20160422)
[    0.158168] ACPI: Interpreter enabled
[    0.158200] ACPI: (supports S0 S3 S4 S5)
[    0.158201] ACPI: Using IOAPIC for interrupt routing
[    0.158231] PCI: Using host bridge windows from ACPI; if necessary, use "pci=nocrs" and report a bug
[    0.159196] ACPI: Enabled 6 GPEs in block 00 to 7F
[    0.161529] ACPI: Power Resource [PG00] (on)
[    0.161900] ACPI: Power Resource [PG01] (on)
[    0.162261] ACPI: Power Resource [PG02] (on)
[    0.164596] ACPI: Power Resource [WRST] (on)
[    0.164978] ACPI: Power Resource [WRST] (on)
[    0.165357] ACPI: Power Resource [WRST] (on)
[    0.165732] ACPI: Power Resource [WRST] (on)
[    0.166106] ACPI: Power Resource [WRST] (on)
[    0.166481] ACPI: Power Resource [WRST] (on)
[    0.166860] ACPI: Power Resource [WRST] (on)
[    0.167233] ACPI: Power Resource [WRST] (on)
[    0.167609] ACPI: Power Resource [WRST] (on)
[    0.167998] ACPI: Power Resource [WRST] (on)
[    0.168377] ACPI: Power Resource [WRST] (on)
[    0.168756] ACPI: Power Resource [WRST] (on)
[    0.169132] ACPI: Power Resource [WRST] (on)
[    0.169508] ACPI: Power Resource [WRST] (on)
[    0.169883] ACPI: Power Resource [WRST] (on)
[    0.170256] ACPI: Power Resource [WRST] (on)
[    0.170635] ACPI: Power Resource [WRST] (on)
[    0.172124] ACPI: Power Resource [WRST] (on)
[    0.172501] ACPI: Power Resource [WRST] (on)
[    0.172883] ACPI: Power Resource [WRST] (on)
[    0.186214] ACPI: Power Resource [FN00] (off)
[    0.186298] ACPI: Power Resource [FN01] (off)
[    0.186380] ACPI: Power Resource [FN02] (off)
[    0.186461] ACPI: Power Resource [FN03] (off)
[    0.186541] ACPI: Power Resource [FN04] (off)
[    0.187734] ACPI: PCI Root Bridge [PCI0] (domain 0000 [bus 00-3e])
[    0.187739] acpi PNP0A08:00: _OSC: OS supports [ExtendedConfig ASPM ClockPM Segments MSI HPX-Type3]
[    0.187775] acpi PNP0A08:00: _OSC failed (AE_ERROR); disabling ASPM
[    0.188508] PCI host bridge to bus 0000:00
[    0.188510] pci_bus 0000:00: root bus resource [io  0x0000-0x0cf7 window]
[    0.188511] pci_bus 0000:00: root bus resource [io  0x0d00-0xffff window]
[    0.188511] pci_bus 0000:00: root bus resource [mem 0x000a0000-0x000bffff window]
[    0.188512] pci_bus 0000:00: root bus resource [mem 0xb8000000-0xf7ffffff window]
[    0.188513] pci_bus 0000:00: root bus resource [mem 0xfd000000-0xfe7fffff window]
[    0.188513] pci_bus 0000:00: root bus resource [bus 00-3e]
[    0.188521] pci 0000:00:00.0: [8086:191f] type 00 class 0x060000
[    0.188842] pci 0000:00:01.0: [8086:1901] type 01 class 0x060400
[    0.188879] pci 0000:00:01.0: PME# supported from D0 D3hot D3cold
[    0.189069] pci 0000:00:02.0: [8086:1912] type 00 class 0x030000
[    0.189078] pci 0000:00:02.0: reg 0x10: [mem 0xf5000000-0xf5ffffff 64bit]
[    0.189083] pci 0000:00:02.0: reg 0x18: [mem 0xd0000000-0xdfffffff 64bit pref]
[    0.189086] pci 0000:00:02.0: reg 0x20: [io  0xf000-0xf03f]
[    0.189100] pci 0000:00:02.0: BAR 2: assigned to efifb
[    0.189286] pci 0000:00:14.0: [8086:a12f] type 00 class 0x0c0330
[    0.189306] pci 0000:00:14.0: reg 0x10: [mem 0xf7230000-0xf723ffff 64bit]
[    0.189370] pci 0000:00:14.0: PME# supported from D3hot D3cold
[    0.189599] pci 0000:00:16.0: [8086:a13a] type 00 class 0x078000
[    0.189617] pci 0000:00:16.0: reg 0x10: [mem 0xf724d000-0xf724dfff 64bit]
[    0.189669] pci 0000:00:16.0: PME# supported from D3hot
[    0.189830] pci 0000:00:17.0: [8086:a102] type 00 class 0x010601
[    0.189846] pci 0000:00:17.0: reg 0x10: [mem 0xf7248000-0xf7249fff]
[    0.189852] pci 0000:00:17.0: reg 0x14: [mem 0xf724c000-0xf724c0ff]
[    0.189858] pci 0000:00:17.0: reg 0x18: [io  0xf090-0xf097]
[    0.189865] pci 0000:00:17.0: reg 0x1c: [io  0xf080-0xf083]
[    0.189871] pci 0000:00:17.0: reg 0x20: [io  0xf060-0xf07f]
[    0.189877] pci 0000:00:17.0: reg 0x24: [mem 0xf724b000-0xf724b7ff]
[    0.189914] pci 0000:00:17.0: PME# supported from D3hot
[    0.190068] pci 0000:00:1c.0: [8086:a114] type 01 class 0x060400
[    0.190145] pci 0000:00:1c.0: PME# supported from D0 D3hot D3cold
[    0.190338] pci 0000:00:1d.0: [8086:a118] type 01 class 0x060400
[    0.190406] pci 0000:00:1d.0: PME# supported from D0 D3hot D3cold
[    0.190575] pci 0000:00:1d.1: [8086:a119] type 01 class 0x060400
[    0.190645] pci 0000:00:1d.1: PME# supported from D0 D3hot D3cold
[    0.190656] pci 0000:00:1d.1: Intel SPT PCH root port ACS workaround enabled
[    0.190850] pci 0000:00:1f.0: [8086:a143] type 00 class 0x060100
[    0.191089] pci 0000:00:1f.2: [8086:a121] type 00 class 0x058000
[    0.191104] pci 0000:00:1f.2: reg 0x10: [mem 0xf7244000-0xf7247fff]
[    0.191289] pci 0000:00:1f.3: [8086:a170] type 00 class 0x040300
[    0.191315] pci 0000:00:1f.3: reg 0x10: [mem 0xf7240000-0xf7243fff 64bit]
[    0.191345] pci 0000:00:1f.3: reg 0x20: [mem 0xf7220000-0xf722ffff 64bit]
[    0.191394] pci 0000:00:1f.3: PME# supported from D3hot D3cold
[    0.191598] pci 0000:00:1f.4: [8086:a123] type 00 class 0x0c0500
[    0.191657] pci 0000:00:1f.4: reg 0x10: [mem 0xf724a000-0xf724a0ff 64bit]
[    0.191727] pci 0000:00:1f.4: reg 0x20: [io  0xf040-0xf05f]
[    0.191939] pci 0000:00:1f.6: [8086:15b8] type 00 class 0x020000
[    0.191966] pci 0000:00:1f.6: reg 0x10: [mem 0xf7200000-0xf721ffff]
[    0.192073] pci 0000:00:1f.6: PME# supported from D0 D3hot D3cold
[    0.192243] pci 0000:01:00.0: [10de:1c02] type 00 class 0x030000
[    0.192254] pci 0000:01:00.0: reg 0x10: [mem 0xf6000000-0xf6ffffff]
[    0.192259] pci 0000:01:00.0: reg 0x14: [mem 0xe0000000-0xefffffff 64bit pref]
[    0.192264] pci 0000:01:00.0: reg 0x1c: [mem 0xf0000000-0xf1ffffff 64bit pref]
[    0.192267] pci 0000:01:00.0: reg 0x24: [io  0xe000-0xe07f]
[    0.192271] pci 0000:01:00.0: reg 0x30: [mem 0xf7000000-0xf707ffff pref]
[    0.192355] pci 0000:01:00.1: [10de:10f1] type 00 class 0x040300
[    0.192364] pci 0000:01:00.1: reg 0x10: [mem 0xf7080000-0xf7083fff]
[    0.192461] pci 0000:00:01.0: PCI bridge to [bus 01]
[    0.192463] pci 0000:00:01.0:   bridge window [io  0xe000-0xefff]
[    0.192464] pci 0000:00:01.0:   bridge window [mem 0xf6000000-0xf70fffff]
[    0.192466] pci 0000:00:01.0:   bridge window [mem 0xe0000000-0xf1ffffff 64bit pref]
[    0.192519] acpiphp: Slot [1] registered
[    0.192528] pci 0000:00:1c.0: PCI bridge to [bus 02]
[    0.192577] acpiphp: Slot [1-1] registered
[    0.192580] pci 0000:00:1d.0: PCI bridge to [bus 03]
[    0.192636] pci 0000:04:00.0: [1b73:1100] type 00 class 0x0c0330
[    0.192662] pci 0000:04:00.0: reg 0x10: [mem 0xf7100000-0xf710ffff 64bit]
[    0.192676] pci 0000:04:00.0: reg 0x18: [mem 0xf7111000-0xf7111fff 64bit]
[    0.192690] pci 0000:04:00.0: reg 0x20: [mem 0xf7110000-0xf7110fff 64bit]
[    0.192760] pci 0000:04:00.0: supports D1
[    0.192761] pci 0000:04:00.0: PME# supported from D0 D1 D3hot
[    0.192881] pci 0000:00:1d.1: PCI bridge to [bus 04]
[    0.192884] pci 0000:00:1d.1:   bridge window [mem 0xf7100000-0xf71fffff]
[    0.194936] ACPI: PCI Interrupt Link [LNKA] (IRQs 3 4 5 6 10 *11 12 14 15)
[    0.194988] ACPI: PCI Interrupt Link [LNKB] (IRQs 3 4 5 6 *10 11 12 14 15)
[    0.195039] ACPI: PCI Interrupt Link [LNKC] (IRQs 3 4 5 6 10 *11 12 14 15)
[    0.195089] ACPI: PCI Interrupt Link [LNKD] (IRQs 3 4 5 6 10 *11 12 14 15)
[    0.195140] ACPI: PCI Interrupt Link [LNKE] (IRQs 3 4 5 6 10 *11 12 14 15)
[    0.195190] ACPI: PCI Interrupt Link [LNKF] (IRQs 3 4 5 6 10 *11 12 14 15)
[    0.195240] ACPI: PCI Interrupt Link [LNKG] (IRQs 3 4 5 6 10 *11 12 14 15)
[    0.195290] ACPI: PCI Interrupt Link [LNKH] (IRQs 3 4 5 6 10 *11 12 14 15)
[    0.196520] iommu: Default domain type: Translated 
[    0.196562] SCSI subsystem initialized
[    0.196573] libata version 3.00 loaded.
[    0.196573] pci 0000:00:02.0: vgaarb: setting as boot VGA device
[    0.196573] pci 0000:00:02.0: vgaarb: VGA device added: decodes=io+mem,owns=io+mem,locks=none
[    0.196573] pci 0000:01:00.0: vgaarb: VGA device added: decodes=io+mem,owns=none,locks=none
[    0.196573] pci 0000:00:02.0: vgaarb: no bridge control possible
[    0.196573] pci 0000:01:00.0: vgaarb: bridge control possible
[    0.196573] vgaarb: loaded
[    0.196573] ACPI: bus type USB registered
[    0.196573] usbcore: registered new interface driver usbfs
[    0.196573] usbcore: registered new interface driver hub
[    0.196573] usbcore: registered new device driver usb
[    0.196573] pps_core: LinuxPPS API ver. 1 registered
[    0.196573] pps_core: Software ver. 5.3.6 - Copyright 2005-2007 Rodolfo Giometti <giometti@linux.it>
[    0.196573] PTP clock support registered
[    0.196573] EDAC MC: Ver: 3.0.0
[    0.196573] Registered efivars operations
[    0.196573] PCI: Using ACPI for IRQ routing
[    0.203033] PCI: pci_cache_line_size set to 64 bytes
[    0.203082] e820: reserve RAM buffer [mem 0x00058000-0x0005ffff]
[    0.203083] e820: reserve RAM buffer [mem 0x0009f000-0x0009ffff]
[    0.203083] e820: reserve RAM buffer [mem 0xa3878018-0xa3ffffff]
[    0.203084] e820: reserve RAM buffer [mem 0xa3889018-0xa3ffffff]
[    0.203085] e820: reserve RAM buffer [mem 0xa389a018-0xa3ffffff]
[    0.203086] e820: reserve RAM buffer [mem 0xa3c07000-0xa3ffffff]
[    0.203086] e820: reserve RAM buffer [mem 0xa3fe5000-0xa3ffffff]
[    0.203087] e820: reserve RAM buffer [mem 0xadbe1000-0xafffffff]
[    0.203087] e820: reserve RAM buffer [mem 0xaf3ec000-0xafffffff]
[    0.203088] e820: reserve RAM buffer [mem 0xb0c49000-0xb3ffffff]
[    0.203089] e820: reserve RAM buffer [mem 0xb2577000-0xb3ffffff]
[    0.203089] e820: reserve RAM buffer [mem 0xb3300000-0xb3ffffff]
[    0.203090] e820: reserve RAM buffer [mem 0x247000000-0x247ffffff]
[    0.203151] NetLabel: Initializing
[    0.203151] NetLabel:  domain hash size = 128
[    0.203152] NetLabel:  protocols = UNLABELED CIPSOv4 CALIPSO
[    0.203161] NetLabel:  unlabeled traffic allowed by default
[    0.204883] hpet0: at MMIO 0xfed00000, IRQs 2, 8, 0, 0, 0, 0, 0, 0
[    0.204886] hpet0: 8 comparators, 64-bit 24.000000 MHz counter
[    0.208464] clocksource: Switched to clocksource tsc-early
[    0.216924] *** VALIDATE bpf ***
[    0.216982] VFS: Disk quotas dquot_6.6.0
[    0.216993] VFS: Dquot-cache hash table entries: 512 (order 0, 4096 bytes)
[    0.217013] *** VALIDATE ramfs ***
[    0.217015] *** VALIDATE hugetlbfs ***
[    0.217073] AppArmor: AppArmor Filesystem Enabled
[    0.217092] pnp: PnP ACPI init
[    0.217328] system 00:00: [io  0x0290-0x029f] has been reserved
[    0.217332] system 00:00: Plug and Play ACPI device, IDs PNP0c02 (active)
[    0.217625] pnp 00:01: [dma 0 disabled]
[    0.217655] pnp 00:01: Plug and Play ACPI device, IDs PNP0501 (active)
[    0.217864] system 00:02: [io  0x0680-0x069f] has been reserved
[    0.217865] system 00:02: [io  0xffff] has been reserved
[    0.217866] system 00:02: [io  0xffff] has been reserved
[    0.217866] system 00:02: [io  0xffff] has been reserved
[    0.217867] system 00:02: [io  0x1800-0x18fe] has been reserved
[    0.217868] system 00:02: [io  0x164e-0x164f] has been reserved
[    0.217870] system 00:02: Plug and Play ACPI device, IDs PNP0c02 (active)
[    0.217949] system 00:03: [io  0x0800-0x087f] has been reserved
[    0.217951] system 00:03: Plug and Play ACPI device, IDs PNP0c02 (active)
[    0.217964] pnp 00:04: Plug and Play ACPI device, IDs PNP0b00 (active)
[    0.217995] system 00:05: [io  0x1854-0x1857] has been reserved
[    0.217997] system 00:05: Plug and Play ACPI device, IDs INT3f0d PNP0c02 (active)
[    0.218225] system 00:06: [mem 0xfed10000-0xfed17fff] has been reserved
[    0.218226] system 00:06: [mem 0xfed18000-0xfed18fff] has been reserved
[    0.218226] system 00:06: [mem 0xfed19000-0xfed19fff] has been reserved
[    0.218227] system 00:06: [mem 0xf8000000-0xfbffffff] has been reserved
[    0.218228] system 00:06: [mem 0xfed20000-0xfed3ffff] has been reserved
[    0.218229] system 00:06: [mem 0xfed90000-0xfed93fff] could not be reserved
[    0.218230] system 00:06: [mem 0xfed45000-0xfed8ffff] has been reserved
[    0.218231] system 00:06: [mem 0xff000000-0xffffffff] has been reserved
[    0.218232] system 00:06: [mem 0xfee00000-0xfeefffff] could not be reserved
[    0.218233] system 00:06: [mem 0xf7fc0000-0xf7fdffff] has been reserved
[    0.218235] system 00:06: Plug and Play ACPI device, IDs PNP0c02 (active)
[    0.218269] system 00:07: [mem 0xfd000000-0xfdabffff] has been reserved
[    0.218270] system 00:07: [mem 0xfdad0000-0xfdadffff] has been reserved
[    0.218271] system 00:07: [mem 0xfdac0000-0xfdacffff] has been reserved
[    0.218272] system 00:07: [mem 0xfdae0000-0xfdaeffff] has been reserved
[    0.218272] system 00:07: [mem 0xfdaf0000-0xfdafffff] has been reserved
[    0.218273] system 00:07: [mem 0xfdb00000-0xfdffffff] has been reserved
[    0.218274] system 00:07: [mem 0xfe000000-0xfe01ffff] could not be reserved
[    0.218275] system 00:07: [mem 0xfe036000-0xfe03bfff] has been reserved
[    0.218276] system 00:07: [mem 0xfe03d000-0xfe3fffff] has been reserved
[    0.218277] system 00:07: [mem 0xfe410000-0xfe7fffff] has been reserved
[    0.218279] system 00:07: Plug and Play ACPI device, IDs PNP0c02 (active)
[    0.218556] system 00:08: [io  0xfe00-0xfefe] has been reserved
[    0.218559] system 00:08: Plug and Play ACPI device, IDs PNP0c02 (active)
[    0.219688] system 00:09: [mem 0xfdaf0000-0xfdafffff] has been reserved
[    0.219689] system 00:09: [mem 0xfdae0000-0xfdaeffff] has been reserved
[    0.219689] system 00:09: [mem 0xfdac0000-0xfdacffff] has been reserved
[    0.219692] system 00:09: Plug and Play ACPI device, IDs PNP0c02 (active)
[    0.220542] pnp: PnP ACPI: found 10 devices
[    0.221369] thermal_sys: Registered thermal governor 'fair_share'
[    0.221370] thermal_sys: Registered thermal governor 'bang_bang'
[    0.221370] thermal_sys: Registered thermal governor 'step_wise'
[    0.221371] thermal_sys: Registered thermal governor 'user_space'
[    0.221371] thermal_sys: Registered thermal governor 'power_allocator'
[    0.225861] clocksource: acpi_pm: mask: 0xffffff max_cycles: 0xffffff, max_idle_ns: 2085701024 ns
[    0.225888] pci 0000:00:1c.0: bridge window [io  0x1000-0x0fff] to [bus 02] add_size 1000
[    0.225889] pci 0000:00:1c.0: bridge window [mem 0x00100000-0x000fffff 64bit pref] to [bus 02] add_size 200000 add_align 100000
[    0.225890] pci 0000:00:1c.0: bridge window [mem 0x00100000-0x000fffff] to [bus 02] add_size 200000 add_align 100000
[    0.225891] pci 0000:00:1d.0: bridge window [io  0x1000-0x0fff] to [bus 03] add_size 1000
[    0.225892] pci 0000:00:1d.0: bridge window [mem 0x00100000-0x000fffff 64bit pref] to [bus 03] add_size 200000 add_align 100000
[    0.225893] pci 0000:00:1d.0: bridge window [mem 0x00100000-0x000fffff] to [bus 03] add_size 200000 add_align 100000
[    0.225898] pci 0000:00:1c.0: BAR 14: assigned [mem 0xb8000000-0xb81fffff]
[    0.225901] pci 0000:00:1c.0: BAR 15: assigned [mem 0xb8200000-0xb83fffff 64bit pref]
[    0.225902] pci 0000:00:1d.0: BAR 14: assigned [mem 0xb8400000-0xb85fffff]
[    0.225904] pci 0000:00:1d.0: BAR 15: assigned [mem 0xb8600000-0xb87fffff 64bit pref]
[    0.225905] pci 0000:00:1c.0: BAR 13: assigned [io  0x2000-0x2fff]
[    0.225906] pci 0000:00:1d.0: BAR 13: assigned [io  0x3000-0x3fff]
[    0.225908] pci 0000:00:01.0: PCI bridge to [bus 01]
[    0.225909] pci 0000:00:01.0:   bridge window [io  0xe000-0xefff]
[    0.225911] pci 0000:00:01.0:   bridge window [mem 0xf6000000-0xf70fffff]
[    0.225913] pci 0000:00:01.0:   bridge window [mem 0xe0000000-0xf1ffffff 64bit pref]
[    0.225915] pci 0000:00:1c.0: PCI bridge to [bus 02]
[    0.225918] pci 0000:00:1c.0:   bridge window [io  0x2000-0x2fff]
[    0.225921] pci 0000:00:1c.0:   bridge window [mem 0xb8000000-0xb81fffff]
[    0.225923] pci 0000:00:1c.0:   bridge window [mem 0xb8200000-0xb83fffff 64bit pref]
[    0.225927] pci 0000:00:1d.0: PCI bridge to [bus 03]
[    0.225928] pci 0000:00:1d.0:   bridge window [io  0x3000-0x3fff]
[    0.225931] pci 0000:00:1d.0:   bridge window [mem 0xb8400000-0xb85fffff]
[    0.225933] pci 0000:00:1d.0:   bridge window [mem 0xb8600000-0xb87fffff 64bit pref]
[    0.225936] pci 0000:00:1d.1: PCI bridge to [bus 04]
[    0.225939] pci 0000:00:1d.1:   bridge window [mem 0xf7100000-0xf71fffff]
[    0.225944] pci_bus 0000:00: resource 4 [io  0x0000-0x0cf7 window]
[    0.225945] pci_bus 0000:00: resource 5 [io  0x0d00-0xffff window]
[    0.225946] pci_bus 0000:00: resource 6 [mem 0x000a0000-0x000bffff window]
[    0.225946] pci_bus 0000:00: resource 7 [mem 0xb8000000-0xf7ffffff window]
[    0.225947] pci_bus 0000:00: resource 8 [mem 0xfd000000-0xfe7fffff window]
[    0.225948] pci_bus 0000:01: resource 0 [io  0xe000-0xefff]
[    0.225948] pci_bus 0000:01: resource 1 [mem 0xf6000000-0xf70fffff]
[    0.225949] pci_bus 0000:01: resource 2 [mem 0xe0000000-0xf1ffffff 64bit pref]
[    0.225950] pci_bus 0000:02: resource 0 [io  0x2000-0x2fff]
[    0.225950] pci_bus 0000:02: resource 1 [mem 0xb8000000-0xb81fffff]
[    0.225951] pci_bus 0000:02: resource 2 [mem 0xb8200000-0xb83fffff 64bit pref]
[    0.225952] pci_bus 0000:03: resource 0 [io  0x3000-0x3fff]
[    0.225952] pci_bus 0000:03: resource 1 [mem 0xb8400000-0xb85fffff]
[    0.225953] pci_bus 0000:03: resource 2 [mem 0xb8600000-0xb87fffff 64bit pref]
[    0.225954] pci_bus 0000:04: resource 1 [mem 0xf7100000-0xf71fffff]
[    0.226101] NET: Registered protocol family 2
[    0.226214] tcp_listen_portaddr_hash hash table entries: 4096 (order: 4, 65536 bytes, linear)
[    0.226244] TCP established hash table entries: 65536 (order: 7, 524288 bytes, linear)
[    0.226337] TCP bind hash table entries: 65536 (order: 8, 1048576 bytes, linear)
[    0.226416] TCP: Hash tables configured (established 65536 bind 65536)
[    0.226440] UDP hash table entries: 4096 (order: 5, 131072 bytes, linear)
[    0.226457] UDP-Lite hash table entries: 4096 (order: 5, 131072 bytes, linear)
[    0.226491] NET: Registered protocol family 1
[    0.226494] NET: Registered protocol family 44
[    0.226502] pci 0000:00:02.0: Video device with shadowed ROM at [mem 0x000c0000-0x000dffff]
[    0.226716] pci 0000:01:00.1: D0 power state depends on 0000:01:00.0
[    0.226890] PCI: CLS 64 bytes, default 64
[    0.226916] Trying to unpack rootfs image as initramfs...
[    0.963179] Freeing initrd memory: 66428K
[    0.963217] DMAR: No ATSR found
[    0.963249] DMAR: dmar0: Using Queued invalidation
[    0.963251] DMAR: dmar1: Using Queued invalidation
[    0.963382] pci 0000:00:00.0: Adding to iommu group 0
[    0.963424] pci 0000:00:01.0: Adding to iommu group 1
[    0.970210] pci 0000:00:02.0: Adding to iommu group 2
[    0.970275] pci 0000:00:14.0: Adding to iommu group 3
[    0.970309] pci 0000:00:16.0: Adding to iommu group 4
[    0.970355] pci 0000:00:17.0: Adding to iommu group 5
[    0.970397] pci 0000:00:1c.0: Adding to iommu group 6
[    0.970446] pci 0000:00:1d.0: Adding to iommu group 7
[    0.970483] pci 0000:00:1d.1: Adding to iommu group 8
[    0.972042] pci 0000:00:1f.0: Adding to iommu group 9
[    0.972049] pci 0000:00:1f.2: Adding to iommu group 9
[    0.972056] pci 0000:00:1f.3: Adding to iommu group 9
[    0.972062] pci 0000:00:1f.4: Adding to iommu group 9
[    0.972099] pci 0000:00:1f.6: Adding to iommu group 10
[    0.972104] pci 0000:01:00.0: Adding to iommu group 1
[    0.972108] pci 0000:01:00.1: Adding to iommu group 1
[    0.972158] pci 0000:04:00.0: Adding to iommu group 11
[    0.972165] DMAR: Intel(R) Virtualization Technology for Directed I/O
[    0.973458] check: Scanning for low memory corruption every 60 seconds
[    0.974424] Initialise system trusted keyrings
[    0.974435] Key type blacklist registered
[    0.974468] workingset: timestamp_bits=36 max_order=21 bucket_order=0
[    0.975356] zbud: loaded
[    0.975611] squashfs: version 4.0 (2009/01/31) Phillip Lougher
[    0.975711] fuse: init (API version 7.31)
[    0.975723] *** VALIDATE fuse ***
[    0.975724] *** VALIDATE fuse ***
[    0.975790] Platform Keyring initialized
[    0.978752] Key type asymmetric registered
[    0.978753] Asymmetric key parser 'x509' registered
[    0.978757] Block layer SCSI generic (bsg) driver version 0.4 loaded (major 244)
[    0.978784] io scheduler mq-deadline registered
[    0.979359] shpchp: Standard Hot Plug PCI Controller Driver version: 0.4
[    0.979394] efifb: probing for efifb
[    0.979405] efifb: showing boot graphics
[    0.979866] efifb: framebuffer at 0xd0000000, using 3072k, total 3072k
[    0.979867] efifb: mode is 1024x768x32, linelength=4096, pages=1
[    0.979867] efifb: scrolling: redraw
[    0.979868] efifb: Truecolor: size=8:8:8:8, shift=24:16:8:0
[    0.979891] fbcon: Deferring console take-over
[    0.979892] fb0: EFI VGA frame buffer device
[    0.979896] intel_idle: MWAIT substates: 0x142120
[    0.979897] intel_idle: v0.4.1 model 0x5E
[    0.980149] intel_idle: lapic_timer_reliable_states 0xffffffff
[    0.980278] input: Sleep Button as /devices/LNXSYSTM:00/LNXSYBUS:00/PNP0C0E:00/input/input0
[    0.980291] ACPI: Sleep Button [SLPB]
[    0.980312] input: Power Button as /devices/LNXSYSTM:00/LNXSYBUS:00/PNP0C0C:00/input/input1
[    0.980321] ACPI: Power Button [PWRB]
[    0.980339] input: Power Button as /devices/LNXSYSTM:00/LNXPWRBN:00/input/input2
[    0.980358] ACPI: Power Button [PWRF]
[    0.981240] thermal LNXTHERM:00: registered as thermal_zone0
[    0.981241] ACPI: Thermal Zone [TZ00] (28 C)
[    0.981378] thermal LNXTHERM:01: registered as thermal_zone1
[    0.981378] ACPI: Thermal Zone [TZ01] (30 C)
[    0.981503] Serial: 8250/16550 driver, 32 ports, IRQ sharing enabled
[    1.002345] 00:01: ttyS0 at I/O 0x3f8 (irq = 4, base_baud = 115200) is a 16550A
[    1.003590] Linux agpgart interface v0.103
[    1.005286] loop: module loaded
[    1.005400] libphy: Fixed MDIO Bus: probed
[    1.005401] tun: Universal TUN/TAP device driver, 1.6
[    1.005416] PPP generic driver version 2.4.2
[    1.005445] VFIO - User Level meta-driver version: 0.3
[    1.005480] ehci_hcd: USB 2.0 'Enhanced' Host Controller (EHCI) Driver
[    1.005482] ehci-pci: EHCI PCI platform driver
[    1.005488] ehci-platform: EHCI generic platform driver
[    1.005493] ohci_hcd: USB 1.1 'Open' Host Controller (OHCI) Driver
[    1.005494] ohci-pci: OHCI PCI platform driver
[    1.005498] ohci-platform: OHCI generic platform driver
[    1.005502] uhci_hcd: USB Universal Host Controller Interface driver
[    1.005609] xhci_hcd 0000:00:14.0: xHCI Host Controller
[    1.005612] xhci_hcd 0000:00:14.0: new USB bus registered, assigned bus number 1
[    1.006704] xhci_hcd 0000:00:14.0: hcc params 0x200077c1 hci version 0x100 quirks 0x0000000001109810
[    1.006844] xhci_hcd 0000:00:14.0: cache line size of 64 is not supported
[    1.006976] usb usb1: New USB device found, idVendor=1d6b, idProduct=0002, bcdDevice= 5.04
[    1.006977] usb usb1: New USB device strings: Mfr=3, Product=2, SerialNumber=1
[    1.006978] usb usb1: Product: xHCI Host Controller
[    1.006979] usb usb1: Manufacturer: Linux 5.4.0-42-generic xhci-hcd
[    1.006979] usb usb1: SerialNumber: 0000:00:14.0
[    1.007038] hub 1-0:1.0: USB hub found
[    1.007049] hub 1-0:1.0: 10 ports detected
[    1.008117] xhci_hcd 0000:00:14.0: xHCI Host Controller
[    1.008119] xhci_hcd 0000:00:14.0: new USB bus registered, assigned bus number 2
[    1.008121] xhci_hcd 0000:00:14.0: Host supports USB 3.0 SuperSpeed
[    1.008144] usb usb2: New USB device found, idVendor=1d6b, idProduct=0003, bcdDevice= 5.04
[    1.008144] usb usb2: New USB device strings: Mfr=3, Product=2, SerialNumber=1
[    1.008145] usb usb2: Product: xHCI Host Controller
[    1.008146] usb usb2: Manufacturer: Linux 5.4.0-42-generic xhci-hcd
[    1.008146] usb usb2: SerialNumber: 0000:00:14.0
[    1.008219] hub 2-0:1.0: USB hub found
[    1.008228] hub 2-0:1.0: 4 ports detected
[    1.008431] usb: port power management may be unreliable
[    1.008732] xhci_hcd 0000:04:00.0: xHCI Host Controller
[    1.008734] xhci_hcd 0000:04:00.0: new USB bus registered, assigned bus number 3
[    1.008924] xhci_hcd 0000:04:00.0: hcc params 0x200071e1 hci version 0x100 quirks 0x0000000000000010
[    1.009121] usb usb3: New USB device found, idVendor=1d6b, idProduct=0002, bcdDevice= 5.04
[    1.009122] usb usb3: New USB device strings: Mfr=3, Product=2, SerialNumber=1
[    1.009123] usb usb3: Product: xHCI Host Controller
[    1.009123] usb usb3: Manufacturer: Linux 5.4.0-42-generic xhci-hcd
[    1.009124] usb usb3: SerialNumber: 0000:04:00.0
[    1.009205] hub 3-0:1.0: USB hub found
[    1.009212] hub 3-0:1.0: 4 ports detected
[    1.009306] xhci_hcd 0000:04:00.0: xHCI Host Controller
[    1.009307] xhci_hcd 0000:04:00.0: new USB bus registered, assigned bus number 4
[    1.009309] xhci_hcd 0000:04:00.0: Host supports USB 3.0 SuperSpeed
[    1.009318] usb usb4: We don't know the algorithms for LPM for this host, disabling LPM.
[    1.009329] usb usb4: New USB device found, idVendor=1d6b, idProduct=0003, bcdDevice= 5.04
[    1.009330] usb usb4: New USB device strings: Mfr=3, Product=2, SerialNumber=1
[    1.009330] usb usb4: Product: xHCI Host Controller
[    1.009331] usb usb4: Manufacturer: Linux 5.4.0-42-generic xhci-hcd
[    1.009331] usb usb4: SerialNumber: 0000:04:00.0
[    1.009406] hub 4-0:1.0: USB hub found
[    1.009414] hub 4-0:1.0: 4 ports detected
[    1.009505] i8042: PNP: No PS/2 controller found.
[    1.009600] mousedev: PS/2 mouse device common for all mice
[    1.009825] rtc_cmos 00:04: RTC can wake from S4
[    1.010303] rtc_cmos 00:04: registered as rtc0
[    1.010312] rtc_cmos 00:04: alarms up to one month, y3k, 242 bytes nvram, hpet irqs
[    1.010315] i2c /dev entries driver
[    1.010338] device-mapper: uevent: version 1.0.3
[    1.010400] device-mapper: ioctl: 4.41.0-ioctl (2019-09-16) initialised: dm-devel@redhat.com
[    1.010412] platform eisa.0: Probing EISA bus 0
[    1.010413] platform eisa.0: EISA: Cannot allocate resource for mainboard
[    1.010413] platform eisa.0: Cannot allocate resource for EISA slot 1
[    1.010414] platform eisa.0: Cannot allocate resource for EISA slot 2
[    1.010415] platform eisa.0: Cannot allocate resource for EISA slot 3
[    1.010415] platform eisa.0: Cannot allocate resource for EISA slot 4
[    1.010416] platform eisa.0: Cannot allocate resource for EISA slot 5
[    1.010416] platform eisa.0: Cannot allocate resource for EISA slot 6
[    1.010417] platform eisa.0: Cannot allocate resource for EISA slot 7
[    1.010418] platform eisa.0: Cannot allocate resource for EISA slot 8
[    1.010418] platform eisa.0: EISA: Detected 0 cards
[    1.010420] intel_pstate: Intel P-state driver initializing
[    1.010933] intel_pstate: HWP enabled
[    1.011075] ledtrig-cpu: registered to indicate activity on CPUs
[    1.011082] EFI Variables Facility v0.08 2004-May-17
[    1.054697] resource sanity check: requesting [mem 0xfdffe800-0xfe0007ff], which spans more than pnp 00:07 [mem 0xfdb00000-0xfdffffff]
[    1.054704] caller pmc_core_probe+0x8e/0x2e0 mapping multiple BARs
[    1.054713] intel_pmc_core INT33A1:00:  initialized
[    1.054767] drop_monitor: Initializing network drop monitor service
[    1.054915] NET: Registered protocol family 10
[    1.059364] Segment Routing with IPv6
[    1.059376] NET: Registered protocol family 17
[    1.059444] Key type dns_resolver registered
[    1.060108] RAS: Correctable Errors collector initialized.
[    1.060148] microcode: sig=0x506e3, pf=0x2, revision=0xdc
[    1.060364] microcode: Microcode Update Driver: v2.2.
[    1.060367] IPI shorthand broadcast: enabled
[    1.060372] sched_clock: Marking stable (1059775092, 587428)->(1061115122, -752602)
[    1.060415] registered taskstats version 1
[    1.060422] Loading compiled-in X.509 certificates
[    1.061529] Loaded X.509 cert 'Build time autogenerated kernel key: 48ee52262915d1ee4db3e3222acce2ebb1a0fb65'
[    1.061550] zswap: loaded using pool lzo/zbud
[    1.061585] Key type ._fscrypt registered
[    1.061586] Key type .fscrypt registered
[    1.065124] Key type big_key registered
[    1.066756] Key type encrypted registered
[    1.066780] AppArmor: AppArmor sha1 policy hashing enabled
[    1.068207] integrity: Loading X.509 certificate: UEFI:db
[    1.069178] integrity: Loaded X.509 cert 'ASUSTeK MotherBoard SW Key Certificate: da83b990422ebc8c441f8d8b039a65a2'
[    1.069179] integrity: Loading X.509 certificate: UEFI:db
[    1.069315] integrity: Loaded X.509 cert 'ASUSTeK Notebook SW Key Certificate: b8e581e4df77a5bb4282d5ccfc00c071'
[    1.069315] integrity: Loading X.509 certificate: UEFI:db
[    1.069331] integrity: Loaded X.509 cert 'Microsoft Corporation UEFI CA 2011: 13adbf4309bd82709c8cd54f316ed522988a1bd4'
[    1.069332] integrity: Loading X.509 certificate: UEFI:db
[    1.069344] integrity: Loaded X.509 cert 'Microsoft Windows Production PCA 2011: a92902398e16c49778cd90f99e4f9ae17c55af53'
[    1.069345] integrity: Loading X.509 certificate: UEFI:db
[    1.069479] integrity: Loaded X.509 cert 'Canonical Ltd. Master Certificate Authority: ad91990bc22ab1f517048c23b6655a268e345a63'
[    1.070517] integrity: Loading X.509 certificate: UEFI:MokListRT
[    1.070582] integrity: Loaded X.509 cert 'SomeOrg: shim: a01ee84e9b37ace407961cc468c5909447878469'
[    1.070582] integrity: Loading X.509 certificate: UEFI:MokListRT
[    1.070722] integrity: Loaded X.509 cert 'Canonical Ltd. Master Certificate Authority: ad91990bc22ab1f517048c23b6655a268e345a63'
[    1.072127] ima: No TPM chip found, activating TPM-bypass!
[    1.072131] ima: Allocated hash algorithm: sha1
[    1.072134] ima: No architecture policies found
[    1.072140] evm: Initialising EVM extended attributes:
[    1.072140] evm: security.selinux
[    1.072141] evm: security.SMACK64
[    1.072141] evm: security.SMACK64EXEC
[    1.072141] evm: security.SMACK64TRANSMUTE
[    1.072142] evm: security.SMACK64MMAP
[    1.072142] evm: security.apparmor
[    1.072142] evm: security.ima
[    1.072142] evm: security.capability
[    1.072143] evm: HMAC attrs: 0x1
[    1.073144] PM:   Magic number: 0:32:929
[    1.073388] rtc_cmos 00:04: setting system clock to 2020-12-30T08:54:56 UTC (1609318496)
[    1.074442] Freeing unused decrypted memory: 2040K
[    1.074829] Freeing unused kernel image memory: 2704K
[    1.104681] Write protecting the kernel read-only data: 22528k
[    1.105284] Freeing unused kernel image memory: 2008K
[    1.105561] Freeing unused kernel image memory: 1220K
[    1.111406] x86/mm: Checked W+X mappings: passed, no W+X pages found.
[    1.111406] x86/mm: Checking user space page tables
[    1.117301] x86/mm: Checked W+X mappings: passed, no W+X pages found.
[    1.117302] Run /init as init process
[    1.191783] ahci 0000:00:17.0: version 3.0
[    1.192032] ahci 0000:00:17.0: AHCI 0001.0301 32 slots 4 ports 6 Gbps 0xf impl SATA mode
[    1.192033] ahci 0000:00:17.0: flags: 64bit ncq sntf led clo only pio slum part ems deso sadm sds apst 
[    1.195911] e1000e: Intel(R) PRO/1000 Network Driver - 3.2.6-k
[    1.195911] e1000e: Copyright(c) 1999 - 2015 Intel Corporation.
[    1.196078] e1000e 0000:00:1f.6: Interrupt Throttling Rate (ints/sec) set to dynamic conservative mode
[    1.216922] i915 0000:00:02.0: VT-d active for gfx access
[    1.216924] checking generic (d0000000 300000) vs hw (d0000000 10000000)
[    1.216924] fb0: switching to inteldrmfb from EFI VGA
[    1.216960] i915 0000:00:02.0: vgaarb: deactivate vga console
[    1.217998] [drm] Supports vblank timestamp caching Rev 2 (21.10.2013).
[    1.217998] [drm] Driver supports precise vblank timestamp query.
[    1.218377] i915 0000:00:02.0: vgaarb: changed VGA decodes: olddecodes=io+mem,decodes=none:owns=io+mem
[    1.218651] [drm] Finished loading DMC firmware i915/skl_dmc_ver1_27.bin (v1.27)
[    1.219017] [drm] Disabling framebuffer compression (FBC) to prevent screen flicker with VT-d enabled
[    1.224165] [drm] Initialized i915 1.6.0 20190822 for 0000:00:02.0 on minor 0
[    1.225922] ACPI: Video Device [GFX0] (multi-head: yes  rom: no  post: no)
[    1.226135] input: Video Bus as /devices/LNXSYSTM:00/LNXSYBUS:00/PNP0A08:00/LNXVIDEO:00/input/input3
[    1.229063] scsi host0: ahci
[    1.229346] scsi host1: ahci
[    1.229610] scsi host2: ahci
[    1.229839] scsi host3: ahci
[    1.229888] ata1: SATA max UDMA/133 abar m2048@0xf724b000 port 0xf724b100 irq 135
[    1.229889] ata2: SATA max UDMA/133 abar m2048@0xf724b000 port 0xf724b180 irq 135
[    1.229891] ata3: SATA max UDMA/133 abar m2048@0xf724b000 port 0xf724b200 irq 135
[    1.229892] ata4: SATA max UDMA/133 abar m2048@0xf724b000 port 0xf724b280 irq 135
[    1.253620] fbcon: i915drmfb (fb0) is primary device
[    1.253620] fbcon: Deferring console take-over
[    1.253622] i915 0000:00:02.0: fb0: i915drmfb frame buffer device
[    1.328455] usb 3-2: new high-speed USB device number 2 using xhci_hcd
[    1.328458] usb 1-4: new low-speed USB device number 2 using xhci_hcd
[    1.399578] e1000e 0000:00:1f.6 0000:00:1f.6 (uninitialized): registered PHC clock
[    1.467472] e1000e 0000:00:1f.6 eth0: (PCI Express:2.5GT/s:Width x1) 34:97:f6:39:08:47
[    1.467473] e1000e 0000:00:1f.6 eth0: Intel(R) PRO/1000 Network Connection
[    1.467540] e1000e 0000:00:1f.6 eth0: MAC: 12, PHY: 12, PBA No: FFFFFF-0FF
[    1.473451] e1000e 0000:00:1f.6 enp0s31f6: renamed from eth0
[    1.478982] usb 3-2: New USB device found, idVendor=05e3, idProduct=0610, bcdDevice=92.24
[    1.478983] usb 3-2: New USB device strings: Mfr=1, Product=2, SerialNumber=0
[    1.478984] usb 3-2: Product: USB2.0 Hub
[    1.478984] usb 3-2: Manufacturer: GenesysLogic
[    1.480049] hub 3-2:1.0: USB hub found
[    1.480580] hub 3-2:1.0: 3 ports detected
[    1.481096] usb 1-4: New USB device found, idVendor=0461, idProduct=4d51, bcdDevice= 7.17
[    1.481097] usb 1-4: New USB device strings: Mfr=0, Product=2, SerialNumber=0
[    1.481098] usb 1-4: Product: DELL Laser Mouse
[    1.485394] hidraw: raw HID events driver (C) Jiri Kosina
[    1.488381] usbcore: registered new interface driver usbhid
[    1.488382] usbhid: USB HID core driver
[    1.489709] input: DELL Laser Mouse as /devices/pci0000:00/0000:00:14.0/usb1/1-4/1-4:1.0/0003:0461:4D51.0001/input/input4
[    1.489840] hid-generic 0003:0461:4D51.0001: input,hidraw0: USB HID v1.11 Mouse [DELL Laser Mouse] on usb-0000:00:14.0-4/input0
[    1.544267] ata2: SATA link up 6.0 Gbps (SStatus 133 SControl 300)
[    1.544299] ata4: SATA link down (SStatus 4 SControl 300)
[    1.544332] ata1: SATA link up 6.0 Gbps (SStatus 133 SControl 300)
[    1.544346] ata3: SATA link down (SStatus 4 SControl 300)
[    1.546043] ata1.00: ATA-9: SanDisk SDSSDA240G, U21010RL, max UDMA/133
[    1.546044] ata1.00: 468862128 sectors, multi 1: LBA48 NCQ (depth 32), AA
[    1.546349] ata2.00: ATA-9: KingFast, P0831A, max UDMA/133
[    1.546350] ata2.00: 61500000 sectors, multi 1: LBA48 NCQ (depth 32), AA
[    1.555058] ata1.00: configured for UDMA/133
[    1.555310] scsi 0:0:0:0: Direct-Access     ATA      SanDisk SDSSDA24 10RL PQ: 0 ANSI: 5
[    1.555570] ata2.00: configured for UDMA/133
[    1.555717] sd 0:0:0:0: Attached scsi generic sg0 type 0
[    1.556140] scsi 1:0:0:0: Direct-Access     ATA      KingFast         1A   PQ: 0 ANSI: 5
[    1.556147] sd 0:0:0:0: [sda] 468862128 512-byte logical blocks: (240 GB/224 GiB)
[    1.556155] sd 0:0:0:0: [sda] Write Protect is off
[    1.556156] sd 0:0:0:0: [sda] Mode Sense: 00 3a 00 00
[    1.556241] sd 0:0:0:0: [sda] Write cache: enabled, read cache: enabled, doesn't support DPO or FUA
[    1.556401] sd 1:0:0:0: Attached scsi generic sg1 type 0
[    1.556476] sd 1:0:0:0: [sdb] 61500000 512-byte logical blocks: (31.5 GB/29.3 GiB)
[    1.556484] sd 1:0:0:0: [sdb] Write Protect is off
[    1.556485] sd 1:0:0:0: [sdb] Mode Sense: 00 3a 00 00
[    1.556587] sd 1:0:0:0: [sdb] Write cache: enabled, read cache: enabled, doesn't support DPO or FUA
[    1.582555]  sda: sda1
[    1.582853] sd 0:0:0:0: [sda] Attached SCSI disk
[    1.592569]  sdb: sdb1 sdb2
[    1.592992] sd 1:0:0:0: [sdb] Attached SCSI disk
[    1.608520] usb 1-6: new high-speed USB device number 3 using xhci_hcd
[    1.677491] vfio-pci 0000:01:00.0: vgaarb: changed VGA decodes: olddecodes=io+mem,decodes=io+mem:owns=none
[    1.716675] fbcon: Taking over console
[    1.716748] Console: switching to colour frame buffer device 240x67
[    1.768510] usb 3-2.1: new full-speed USB device number 3 using xhci_hcd
[    1.805512] usb 1-6: New USB device found, idVendor=152d, idProduct=0562, bcdDevice= 2.14
[    1.805513] usb 1-6: New USB device strings: Mfr=1, Product=2, SerialNumber=3
[    1.805514] usb 1-6: Product: USB3.0  Super Speed
[    1.805514] usb 1-6: Manufacturer: USB3.0  Super Speed
[    1.805515] usb 1-6: SerialNumber: DD564198838AA
[    1.808249] usbcore: registered new interface driver usb-storage
[    1.810366] scsi host4: uas
[    1.810435] usbcore: registered new interface driver uas
[    1.810842] scsi 4:0:0:0: Direct-Access     USB3.0   Super Speed      0214 PQ: 0 ANSI: 6
[    1.811544] sd 4:0:0:0: Attached scsi generic sg2 type 0
[    1.812075] sd 4:0:0:0: [sdc] 976773168 512-byte logical blocks: (500 GB/466 GiB)
[    1.812076] sd 4:0:0:0: [sdc] 4096-byte physical blocks
[    1.812217] sd 4:0:0:0: [sdc] Write Protect is off
[    1.812217] sd 4:0:0:0: [sdc] Mode Sense: 5f 00 00 08
[    1.812511] sd 4:0:0:0: [sdc] Write cache: enabled, read cache: enabled, doesn't support DPO or FUA
[    1.812817] sd 4:0:0:0: [sdc] Optimal transfer size 33553920 bytes not a multiple of physical block size (4096 bytes)
[    1.837710]  sdc: sdc1
[    1.839135] sd 4:0:0:0: [sdc] Attached SCSI disk
[    1.870433] usb 3-2.1: New USB device found, idVendor=413c, idProduct=1005, bcdDevice=59.00
[    1.870434] usb 3-2.1: New USB device strings: Mfr=1, Product=2, SerialNumber=0
[    1.870435] usb 3-2.1: Product: Dell Multimedia Pro Keyboard Hub
[    1.870436] usb 3-2.1: Manufacturer: Dell
[    1.874174] hub 3-2.1:1.0: USB hub found
[    1.874340] hub 3-2.1:1.0: 3 ports detected
[    1.936518] usb 1-8: new low-speed USB device number 4 using xhci_hcd
[    1.952486] usb 3-2.2: new low-speed USB device number 4 using xhci_hcd
[    1.980628] tsc: Refined TSC clocksource calibration: 3408.072 MHz
[    1.980632] clocksource: tsc: mask: 0xffffffffffffffff max_cycles: 0x312018255a5, max_idle_ns: 440795325394 ns
[    1.980730] clocksource: Switched to clocksource tsc
[    2.057429] usb 3-2.2: New USB device found, idVendor=046d, idProduct=c016, bcdDevice= 3.40
[    2.057430] usb 3-2.2: New USB device strings: Mfr=1, Product=2, SerialNumber=0
[    2.057431] usb 3-2.2: Product: Optical USB Mouse
[    2.057432] usb 3-2.2: Manufacturer: Logitech
[    2.063076] input: Logitech Optical USB Mouse as /devices/pci0000:00/0000:00:1d.1/0000:04:00.0/usb3/3-2/3-2.2/3-2.2:1.0/0003:046D:C016.0002/input/input5
[    2.063141] hid-generic 0003:046D:C016.0002: input,hidraw1: USB HID v1.10 Mouse [Logitech Optical USB Mouse] on usb-0000:04:00.0-2.2/input0
[    2.103594] usb 1-8: New USB device found, idVendor=04f2, idProduct=0402, bcdDevice= 1.44
[    2.103595] usb 1-8: New USB device strings: Mfr=1, Product=2, SerialNumber=0
[    2.103613] usb 1-8: Product: USB Keyboard
[    2.103613] usb 1-8: Manufacturer: Chicony
[    2.114102] input: Chicony USB Keyboard as /devices/pci0000:00/0000:00:14.0/usb1/1-8/1-8:1.0/0003:04F2:0402.0003/input/input6
[    2.136451] raid6: avx2x4   gen() 38403 MB/s
[    2.144507] usb 3-2.3: new full-speed USB device number 5 using xhci_hcd
[    2.172717] hid-generic 0003:04F2:0402.0003: input,hidraw2: USB HID v1.11 Keyboard [Chicony USB Keyboard] on usb-0000:00:14.0-8/input0
[    2.184455] raid6: avx2x4   xor() 23330 MB/s
[    2.189041] input: Chicony USB Keyboard System Control as /devices/pci0000:00/0000:00:14.0/usb1/1-8/1-8:1.1/0003:04F2:0402.0004/input/input7
[    2.232451] raid6: avx2x2   gen() 33001 MB/s
[    2.245970] usb 3-2.3: New USB device found, idVendor=2575, idProduct=0401, bcdDevice=14.30
[    2.245971] usb 3-2.3: New USB device strings: Mfr=1, Product=2, SerialNumber=0
[    2.245971] usb 3-2.3: Product: CoolTouchR System           
[    2.245972] usb 3-2.3: Manufacturer: Weida Hi-Tech               
[    2.248702] input: Chicony USB Keyboard Consumer Control as /devices/pci0000:00/0000:00:14.0/usb1/1-8/1-8:1.1/0003:04F2:0402.0004/input/input8
[    2.248947] hid-generic 0003:04F2:0402.0004: input,hiddev0,hidraw3: USB HID v1.11 Device [Chicony USB Keyboard] on usb-0000:00:14.0-8/input1
[    2.252149] input: Weida Hi-Tech                CoolTouchR System            Mouse as /devices/pci0000:00/0000:00:1d.1/0000:04:00.0/usb3/3-2/3-2.3/3-2.3:1.0/0003:2575:0401.0005/input/input10
[    2.252220] input: Weida Hi-Tech                CoolTouchR System            Touchscreen as /devices/pci0000:00/0000:00:1d.1/0000:04:00.0/usb3/3-2/3-2.3/3-2.3:1.0/0003:2575:0401.0005/input/input11
[    2.252292] hid-generic 0003:2575:0401.0005: input,hiddev1,hidraw4: USB HID v1.10 Mouse [Weida Hi-Tech                CoolTouchR System           ] on usb-0000:04:00.0-2.3/input0
[    2.280451] raid6: avx2x2   xor() 20218 MB/s
[    2.328454] raid6: avx2x1   gen() 28088 MB/s
[    2.376452] raid6: avx2x1   xor() 19938 MB/s
[    2.424454] raid6: sse2x4   gen() 16232 MB/s
[    2.472454] raid6: sse2x4   xor() 10103 MB/s
[    2.520454] raid6: sse2x2   gen() 14168 MB/s
[    2.568453] raid6: sse2x2   xor()  9461 MB/s
[    2.616456] raid6: sse2x1   gen() 12520 MB/s
[    2.664454] raid6: sse2x1   xor()  6964 MB/s
[    2.664454] raid6: using algorithm avx2x4 gen() 38403 MB/s
[    2.664455] raid6: .... xor() 23330 MB/s, rmw enabled
[    2.664455] raid6: using avx2x2 recovery algorithm
[    2.666663] xor: automatically using best checksumming function   avx       
[    2.678004] Btrfs loaded, crc32c=crc32c-intel
[    2.744572] usb 3-2.1.1: new low-speed USB device number 6 using xhci_hcd
[    2.851368] usb 3-2.1.1: New USB device found, idVendor=413c, idProduct=2011, bcdDevice=59.00
[    2.851369] usb 3-2.1.1: New USB device strings: Mfr=1, Product=2, SerialNumber=0
[    2.851384] usb 3-2.1.1: Product: Dell Multimedia Pro Keyboard
[    2.851385] usb 3-2.1.1: Manufacturer: Dell
[    2.863190] input: Dell Dell Multimedia Pro Keyboard as /devices/pci0000:00/0000:00:1d.1/0000:04:00.0/usb3/3-2/3-2.1/3-2.1.1/3-2.1.1:1.0/0003:413C:2011.0006/input/input12
[    2.884630] BTRFS: device label Stor.hd-0 devid 1 transid 23071 /dev/sdc1
[    2.884877] BTRFS: device label Stor.ssd-0 devid 1 transid 25074 /dev/sda1
[    2.920831] hid-generic 0003:413C:2011.0006: input,hidraw5: USB HID v1.10 Keyboard [Dell Dell Multimedia Pro Keyboard] on usb-0000:04:00.0-2.1.1/input0
[    2.927428] input: Dell Dell Multimedia Pro Keyboard Consumer Control as /devices/pci0000:00/0000:00:1d.1/0000:04:00.0/usb3/3-2/3-2.1/3-2.1.1/3-2.1.1:1.1/0003:413C:2011.0007/input/input13
[    2.934398] EXT4-fs (dm-0): mounted filesystem with ordered data mode. Opts: (null)
[    2.984758] input: Dell Dell Multimedia Pro Keyboard System Control as /devices/pci0000:00/0000:00:1d.1/0000:04:00.0/usb3/3-2/3-2.1/3-2.1.1/3-2.1.1:1.1/0003:413C:2011.0007/input/input14
[    2.985006] hid-generic 0003:413C:2011.0007: input,hidraw6: USB HID v1.10 Device [Dell Dell Multimedia Pro Keyboard] on usb-0000:04:00.0-2.1.1/input1
[    3.313441] systemd[1]: systemd 237 running in system mode. (+PAM +AUDIT +SELINUX +IMA +APPARMOR +SMACK +SYSVINIT +UTMP +LIBCRYPTSETUP +GCRYPT +GNUTLS +ACL +XZ +LZ4 +SECCOMP +BLKID +ELFUTILS +KMOD -IDN2 +IDN -PCRE2 default-hierarchy=hybrid)
[    3.332959] systemd[1]: Detected architecture x86-64.
[    3.362364] systemd[1]: Set hostname to <node0>.
[    3.519219] systemd[1]: Started Forward Password Requests to Wall Directory Watch.
[    3.519243] systemd[1]: Reached target Remote File Systems.
[    3.519251] systemd[1]: Reached target User and Group Name Lookups.
[    3.519256] systemd[1]: Reached target Libvirt guests shutdown.
[    3.519366] systemd[1]: Created slice System Slice.
[    3.519406] systemd[1]: Listening on Device-mapper event daemon FIFOs.
[    3.519446] systemd[1]: Listening on udev Control Socket.
[    3.540204] EXT4-fs (dm-0): re-mounted. Opts: errors=remount-ro
[    3.593254] systemd-journald[487]: Received request to flush runtime journal from PID 1
[    3.611181] lp: driver loaded but no devices found
[    3.613132] ppdev: user-space parallel port driver
[    4.396856] asus_wmi: ASUS WMI generic driver loaded
[    4.397607] asus_wmi: Initialization: 0x0
[    4.397630] asus_wmi: BIOS WMI version: 0.9
[    4.397758] asus_wmi: SFUN value: 0x0
[    4.397760] eeepc-wmi eeepc-wmi: Detected ASUSWMI, use DCTS
[    4.398098] input: Eee PC WMI hotkeys as /devices/platform/eeepc-wmi/input/input15
[    4.419130] mei_me 0000:00:16.0: enabling device (0000 -> 0002)
[    4.487206] RAPL PMU: API unit is 2^-32 Joules, 4 fixed counters, 655360 ms ovfl timer
[    4.487207] RAPL PMU: hw unit of domain pp0-core 2^-14 Joules
[    4.487208] RAPL PMU: hw unit of domain package 2^-14 Joules
[    4.487208] RAPL PMU: hw unit of domain dram 2^-14 Joules
[    4.487208] RAPL PMU: hw unit of domain pp1-gpu 2^-14 Joules
[    4.487299] snd_hda_intel 0000:00:1f.3: bound 0000:00:02.0 (ops i915_audio_component_bind_ops [i915])
[    4.515605] cryptd: max_cpu_qlen set to 1000
[    4.519680] snd_hda_codec_realtek hdaudioC0D0: autoconfig for ALC887-VD: line_outs=1 (0x14/0x0/0x0/0x0/0x0) type:line
[    4.519682] snd_hda_codec_realtek hdaudioC0D0:    speaker_outs=0 (0x0/0x0/0x0/0x0/0x0)
[    4.519684] snd_hda_codec_realtek hdaudioC0D0:    hp_outs=1 (0x1b/0x0/0x0/0x0/0x0)
[    4.519685] snd_hda_codec_realtek hdaudioC0D0:    mono: mono_out=0x0
[    4.519686] snd_hda_codec_realtek hdaudioC0D0:    dig-out=0x11/0x0
[    4.519687] snd_hda_codec_realtek hdaudioC0D0:    inputs:
[    4.519688] snd_hda_codec_realtek hdaudioC0D0:      Front Mic=0x19
[    4.519689] snd_hda_codec_realtek hdaudioC0D0:      Rear Mic=0x18
[    4.519691] snd_hda_codec_realtek hdaudioC0D0:      Line=0x1a
[    4.521267] AVX2 version of gcm_enc/dec engaged.
[    4.521267] AES CTR mode by8 optimization enabled
[    4.539789] input: HDA Intel PCH Front Mic as /devices/pci0000:00/0000:00:1f.3/sound/card0/input16
[    4.539840] input: HDA Intel PCH Rear Mic as /devices/pci0000:00/0000:00:1f.3/sound/card0/input17
[    4.539880] input: HDA Intel PCH Line as /devices/pci0000:00/0000:00:1f.3/sound/card0/input18
[    4.539923] input: HDA Intel PCH Line Out as /devices/pci0000:00/0000:00:1f.3/sound/card0/input19
[    4.539971] input: HDA Intel PCH Front Headphone as /devices/pci0000:00/0000:00:1f.3/sound/card0/input20
[    4.540014] input: HDA Intel PCH HDMI/DP,pcm=3 as /devices/pci0000:00/0000:00:1f.3/sound/card0/input21
[    4.540058] input: HDA Intel PCH HDMI/DP,pcm=7 as /devices/pci0000:00/0000:00:1f.3/sound/card0/input22
[    4.540099] input: HDA Intel PCH HDMI/DP,pcm=8 as /devices/pci0000:00/0000:00:1f.3/sound/card0/input23
[    4.747466] intel_rapl_common: Found RAPL domain package
[    4.747467] intel_rapl_common: Found RAPL domain core
[    4.747468] intel_rapl_common: Found RAPL domain uncore
[    4.747468] intel_rapl_common: Found RAPL domain dram
[    4.786368] input: Weida Hi-Tech                CoolTouchR System            Mouse as /devices/pci0000:00/0000:00:1d.1/0000:04:00.0/usb3/3-2/3-2.3/3-2.3:1.0/0003:2575:0401.0005/input/input24
[    4.786476] input: Weida Hi-Tech                CoolTouchR System            as /devices/pci0000:00/0000:00:1d.1/0000:04:00.0/usb3/3-2/3-2.3/3-2.3:1.0/0003:2575:0401.0005/input/input25
[    4.786552] hid-multitouch 0003:2575:0401.0005: input,hiddev1,hidraw4: USB HID v1.10 Mouse [Weida Hi-Tech                CoolTouchR System           ] on usb-0000:04:00.0-2.3/input0
[    4.864463] Adding 999420k swap on /dev/mapper/elementary--vg-swap_1.  Priority:-2 extents:1 across:999420k SSFS
[    5.021004] audit: type=1400 audit(1609318500.443:2): apparmor="STATUS" operation="profile_load" profile="unconfined" name="/usr/sbin/cups-browsed" pid=796 comm="apparmor_parser"
[    5.021404] audit: type=1400 audit(1609318500.443:3): apparmor="STATUS" operation="profile_load" profile="unconfined" name="virt-aa-helper" pid=795 comm="apparmor_parser"
[    5.021798] audit: type=1400 audit(1609318500.443:4): apparmor="STATUS" operation="profile_load" profile="unconfined" name="/usr/sbin/libvirtd" pid=798 comm="apparmor_parser"
[    5.021800] audit: type=1400 audit(1609318500.443:5): apparmor="STATUS" operation="profile_load" profile="unconfined" name="/usr/sbin/libvirtd//qemu_bridge_helper" pid=798 comm="apparmor_parser"
[    5.022052] audit: type=1400 audit(1609318500.443:6): apparmor="STATUS" operation="profile_load" profile="unconfined" name="/sbin/dhclient" pid=792 comm="apparmor_parser"
[    5.022055] audit: type=1400 audit(1609318500.443:7): apparmor="STATUS" operation="profile_load" profile="unconfined" name="/usr/lib/NetworkManager/nm-dhcp-client.action" pid=792 comm="apparmor_parser"
[    5.022056] audit: type=1400 audit(1609318500.443:8): apparmor="STATUS" operation="profile_load" profile="unconfined" name="/usr/lib/NetworkManager/nm-dhcp-helper" pid=792 comm="apparmor_parser"
[    5.022057] audit: type=1400 audit(1609318500.443:9): apparmor="STATUS" operation="profile_load" profile="unconfined" name="/usr/lib/connman/scripts/dhclient-script" pid=792 comm="apparmor_parser"
[    5.022110] audit: type=1400 audit(1609318500.443:10): apparmor="STATUS" operation="profile_load" profile="unconfined" name="/usr/lib/lightdm/lightdm-guest-session" pid=791 comm="apparmor_parser"
[    5.702017] bpfilter: Loaded bpfilter_umh pid 955
[    5.702258] Started bpfilter
[    5.889376] bridge: filtering via arp/ip/ip6tables is no longer available by default. Update your scripts to load br_netfilter if you need this.
[    5.889875] virbr0: port 1(virbr0-nic) entered blocking state
[    5.889876] virbr0: port 1(virbr0-nic) entered disabled state
[    5.889906] device virbr0-nic entered promiscuous mode
[    5.995764] virbr0: port 1(virbr0-nic) entered blocking state
[    5.995766] virbr0: port 1(virbr0-nic) entered listening state
[    6.027172] virbr0: port 1(virbr0-nic) entered disabled state
[    7.833145] rfkill: input handler disabled
[   10.589130] e1000e: enp0s31f6 NIC Link is Up 1000 Mbps Full Duplex, Flow Control: Rx/Tx
[   10.589217] IPv6: ADDRCONF(NETDEV_CHANGE): enp0s31f6: link becomes ready
[   41.124848] BTRFS info (device sda1): disk space caching is enabled
[   41.124852] BTRFS info (device sda1): has skinny extents
[   41.181571] BTRFS info (device sda1): enabling ssd optimizations
[  315.963124] kauditd_printk_skb: 13 callbacks suppressed
[  315.963125] audit: type=1400 audit(1609318811.425:24): apparmor="STATUS" operation="profile_load" profile="unconfined" name="libvirt-a4a7e281-896f-4687-b8d5-d33efa7ad38b" pid=3386 comm="apparmor_parser"
[  316.080326] audit: type=1400 audit(1609318811.541:25): apparmor="STATUS" operation="profile_replace" profile="unconfined" name="libvirt-a4a7e281-896f-4687-b8d5-d33efa7ad38b" pid=3389 comm="apparmor_parser"
[  316.186283] audit: type=1400 audit(1609318811.649:26): apparmor="STATUS" operation="profile_replace" profile="unconfined" name="libvirt-a4a7e281-896f-4687-b8d5-d33efa7ad38b" pid=3392 comm="apparmor_parser"
[  316.294815] audit: type=1400 audit(1609318811.757:27): apparmor="STATUS" operation="profile_replace" info="same as current profile, skipping" profile="unconfined" name="libvirt-a4a7e281-896f-4687-b8d5-d33efa7ad38b" pid=3395 comm="apparmor_parser"
[  316.309695] virbr0: port 2(vnet0) entered blocking state
[  316.309696] virbr0: port 2(vnet0) entered disabled state
[  316.309739] device vnet0 entered promiscuous mode
[  316.310000] virbr0: port 2(vnet0) entered blocking state
[  316.310003] virbr0: port 2(vnet0) entered listening state
[  316.427215] audit: type=1400 audit(1609318811.889:28): apparmor="STATUS" operation="profile_replace" profile="unconfined" name="libvirt-a4a7e281-896f-4687-b8d5-d33efa7ad38b" pid=3421 comm="apparmor_parser"
[  316.608423] L1TF CPU bug present and SMT on, data leak possible. See CVE-2018-3646 and https://www.kernel.org/doc/html/latest/admin-guide/hw-vuln/l1tf.html for details.
[  318.326079] virbr0: port 2(vnet0) entered learning state
[  320.342090] virbr0: port 2(vnet0) entered forwarding state
[  320.342112] virbr0: topology change detected, propagating
[  379.810186] virbr0: port 2(vnet0) entered disabled state
[  379.814024] device vnet0 left promiscuous mode
[  379.814031] virbr0: port 2(vnet0) entered disabled state
[  380.829729] audit: type=1400 audit(1609318876.289:29): apparmor="STATUS" operation="profile_remove" profile="unconfined" name="libvirt-a4a7e281-896f-4687-b8d5-d33efa7ad38b" pid=3612 comm="apparmor_parser"
[  405.826325] audit: type=1400 audit(1609318901.285:30): apparmor="STATUS" operation="profile_load" profile="unconfined" name="libvirt-a4a7e281-896f-4687-b8d5-d33efa7ad38b" pid=3728 comm="apparmor_parser"
[  405.930443] audit: type=1400 audit(1609318901.389:31): apparmor="STATUS" operation="profile_replace" profile="unconfined" name="libvirt-a4a7e281-896f-4687-b8d5-d33efa7ad38b" pid=3731 comm="apparmor_parser"
[  406.032823] audit: type=1400 audit(1609318901.493:32): apparmor="STATUS" operation="profile_replace" profile="unconfined" name="libvirt-a4a7e281-896f-4687-b8d5-d33efa7ad38b" pid=3734 comm="apparmor_parser"
[  406.136457] audit: type=1400 audit(1609318901.597:33): apparmor="STATUS" operation="profile_replace" info="same as current profile, skipping" profile="unconfined" name="libvirt-a4a7e281-896f-4687-b8d5-d33efa7ad38b" pid=3737 comm="apparmor_parser"
[  418.746559] audit: type=1400 audit(1609318914.205:34): apparmor="STATUS" operation="profile_remove" profile="unconfined" name="libvirt-a4a7e281-896f-4687-b8d5-d33efa7ad38b" pid=3794 comm="apparmor_parser"
[  634.926575] audit: type=1400 audit(1609319130.384:35): apparmor="STATUS" operation="profile_load" profile="unconfined" name="libvirt-a4a7e281-896f-4687-b8d5-d33efa7ad38b" pid=4581 comm="apparmor_parser"
[  634.929539] xhci_hcd 0000:04:00.0: remove, state 4
[  634.929542] usb usb4: USB disconnect, device number 1
[  634.929819] xhci_hcd 0000:04:00.0: USB bus 4 deregistered
[  634.929839] xhci_hcd 0000:04:00.0: remove, state 1
[  634.929842] usb usb3: USB disconnect, device number 1
[  634.929843] usb 3-2: USB disconnect, device number 2
[  634.929845] usb 3-2.1: USB disconnect, device number 3
[  634.929846] usb 3-2.1.1: USB disconnect, device number 6
[  635.158925] usb 3-2.2: USB disconnect, device number 4
[  635.236088] usb 3-2.3: USB disconnect, device number 5
[  635.350628] xhci_hcd 0000:04:00.0: USB bus 3 deregistered
[  636.111909] e1000e 0000:00:1f.6 enp0s31f6: removed PHC
[  636.194723] e1000e: enp0s31f6 NIC Link is Down
[  636.410432] audit: type=1400 audit(1609319131.868:36): apparmor="STATUS" operation="profile_replace" profile="unconfined" name="libvirt-a4a7e281-896f-4687-b8d5-d33efa7ad38b" pid=4692 comm="apparmor_parser"
[  636.538872] audit: type=1400 audit(1609319131.996:37): apparmor="STATUS" operation="profile_replace" profile="unconfined" name="libvirt-a4a7e281-896f-4687-b8d5-d33efa7ad38b" pid=4695 comm="apparmor_parser"
[  636.669861] audit: type=1400 audit(1609319132.128:38): apparmor="STATUS" operation="profile_replace" info="same as current profile, skipping" profile="unconfined" name="libvirt-a4a7e281-896f-4687-b8d5-d33efa7ad38b" pid=4698 comm="apparmor_parser"
[  637.575532] vfio-pci 0000:01:00.0: enabling device (0000 -> 0003)
[  637.575723] vfio-pci 0000:01:00.0: vfio_ecap_init: hiding ecap 0x19@0x900
[  637.699490] vfio-pci 0000:00:1f.6: enabling device (0000 -> 0002)
[  698.089330] audit: type=1400 audit(1609319193.548:39): apparmor="STATUS" operation="profile_remove" profile="unconfined" name="libvirt-a4a7e281-896f-4687-b8d5-d33efa7ad38b" pid=4816 comm="apparmor_parser"
[  698.112289] xhci_hcd 0000:04:00.0: xHCI Host Controller
[  698.112304] xhci_hcd 0000:04:00.0: new USB bus registered, assigned bus number 3
[  698.112599] xhci_hcd 0000:04:00.0: hcc params 0x200071e1 hci version 0x100 quirks 0x0000000000000010
[  698.113188] usb usb3: New USB device found, idVendor=1d6b, idProduct=0002, bcdDevice= 5.04
[  698.113192] usb usb3: New USB device strings: Mfr=3, Product=2, SerialNumber=1
[  698.113195] usb usb3: Product: xHCI Host Controller
[  698.113198] usb usb3: Manufacturer: Linux 5.4.0-42-generic xhci-hcd
[  698.113200] usb usb3: SerialNumber: 0000:04:00.0
[  698.113596] hub 3-0:1.0: USB hub found
[  698.113620] hub 3-0:1.0: 4 ports detected
[  698.114058] xhci_hcd 0000:04:00.0: xHCI Host Controller
[  698.114066] xhci_hcd 0000:04:00.0: new USB bus registered, assigned bus number 4
[  698.114074] xhci_hcd 0000:04:00.0: Host supports USB 3.0 SuperSpeed
[  698.114108] usb usb4: We don't know the algorithms for LPM for this host, disabling LPM.
[  698.114160] usb usb4: New USB device found, idVendor=1d6b, idProduct=0003, bcdDevice= 5.04
[  698.114164] usb usb4: New USB device strings: Mfr=3, Product=2, SerialNumber=1
[  698.114167] usb usb4: Product: xHCI Host Controller
[  698.114169] usb usb4: Manufacturer: Linux 5.4.0-42-generic xhci-hcd
[  698.114172] usb usb4: SerialNumber: 0000:04:00.0
[  698.114580] hub 4-0:1.0: USB hub found
[  698.114603] hub 4-0:1.0: 4 ports detected
[  698.135902] snd_hda_intel 0000:00:1f.3: bound 0000:00:02.0 (ops i915_audio_component_bind_ops [i915])
[  698.155618] snd_hda_codec_realtek hdaudioC0D0: autoconfig for ALC887-VD: line_outs=1 (0x14/0x0/0x0/0x0/0x0) type:line
[  698.155620] snd_hda_codec_realtek hdaudioC0D0:    speaker_outs=0 (0x0/0x0/0x0/0x0/0x0)
[  698.155621] snd_hda_codec_realtek hdaudioC0D0:    hp_outs=1 (0x1b/0x0/0x0/0x0/0x0)
[  698.155622] snd_hda_codec_realtek hdaudioC0D0:    mono: mono_out=0x0
[  698.155623] snd_hda_codec_realtek hdaudioC0D0:    dig-out=0x11/0x0
[  698.155623] snd_hda_codec_realtek hdaudioC0D0:    inputs:
[  698.155624] snd_hda_codec_realtek hdaudioC0D0:      Front Mic=0x19
[  698.155625] snd_hda_codec_realtek hdaudioC0D0:      Rear Mic=0x18
[  698.155626] snd_hda_codec_realtek hdaudioC0D0:      Line=0x1a
[  698.155736] e1000e 0000:00:1f.6: enabling device (0000 -> 0002)
[  698.155995] e1000e 0000:00:1f.6: Interrupt Throttling Rate (ints/sec) set to dynamic conservative mode
[  698.170453] input: HDA Intel PCH Front Mic as /devices/pci0000:00/0000:00:1f.3/sound/card0/input26
[  698.170523] input: HDA Intel PCH Rear Mic as /devices/pci0000:00/0000:00:1f.3/sound/card0/input27
[  698.170579] input: HDA Intel PCH Line as /devices/pci0000:00/0000:00:1f.3/sound/card0/input28
[  698.170626] input: HDA Intel PCH Line Out as /devices/pci0000:00/0000:00:1f.3/sound/card0/input29
[  698.170668] input: HDA Intel PCH Front Headphone as /devices/pci0000:00/0000:00:1f.3/sound/card0/input30
[  698.170719] input: HDA Intel PCH HDMI/DP,pcm=3 as /devices/pci0000:00/0000:00:1f.3/sound/card0/input31
[  698.170762] input: HDA Intel PCH HDMI/DP,pcm=7 as /devices/pci0000:00/0000:00:1f.3/sound/card0/input32
[  698.170806] input: HDA Intel PCH HDMI/DP,pcm=8 as /devices/pci0000:00/0000:00:1f.3/sound/card0/input33
[  698.362735] e1000e 0000:00:1f.6 0000:00:1f.6 (uninitialized): registered PHC clock
[  698.435007] e1000e 0000:00:1f.6 eth0: (PCI Express:2.5GT/s:Width x1) 34:97:f6:39:08:47
[  698.435014] e1000e 0000:00:1f.6 eth0: Intel(R) PRO/1000 Network Connection
[  698.435087] e1000e 0000:00:1f.6 eth0: MAC: 12, PHY: 12, PBA No: FFFFFF-0FF
[  698.448052] usb 3-2: new high-speed USB device number 2 using xhci_hcd
[  698.452887] e1000e 0000:00:1f.6 enp0s31f6: renamed from eth0
[  698.602098] usb 3-2: New USB device found, idVendor=05e3, idProduct=0610, bcdDevice=92.24
[  698.602100] usb 3-2: New USB device strings: Mfr=1, Product=2, SerialNumber=0
[  698.602101] usb 3-2: Product: USB2.0 Hub
[  698.602103] usb 3-2: Manufacturer: GenesysLogic
[  698.602714] hub 3-2:1.0: USB hub found
[  698.603051] hub 3-2:1.0: 3 ports detected
[  698.895687] usb 3-2.1: new full-speed USB device number 3 using xhci_hcd
[  698.997347] usb 3-2.1: New USB device found, idVendor=413c, idProduct=1005, bcdDevice=59.00
[  698.997353] usb 3-2.1: New USB device strings: Mfr=1, Product=2, SerialNumber=0
[  698.997356] usb 3-2.1: Product: Dell Multimedia Pro Keyboard Hub
[  698.997359] usb 3-2.1: Manufacturer: Dell
[  699.002850] hub 3-2.1:1.0: USB hub found
[  699.003083] hub 3-2.1:1.0: 3 ports detected
[  699.083684] usb 3-2.2: new low-speed USB device number 4 using xhci_hcd
[  699.188465] usb 3-2.2: New USB device found, idVendor=046d, idProduct=c016, bcdDevice= 3.40
[  699.188470] usb 3-2.2: New USB device strings: Mfr=1, Product=2, SerialNumber=0
[  699.188474] usb 3-2.2: Product: Optical USB Mouse
[  699.188477] usb 3-2.2: Manufacturer: Logitech
[  699.194088] input: Logitech Optical USB Mouse as /devices/pci0000:00/0000:00:1d.1/0000:04:00.0/usb3/3-2/3-2.2/3-2.2:1.0/0003:046D:C016.0008/input/input34
[  699.194433] hid-generic 0003:046D:C016.0008: input,hidraw1: USB HID v1.10 Mouse [Logitech Optical USB Mouse] on usb-0000:04:00.0-2.2/input0
[  699.275744] usb 3-2.3: new full-speed USB device number 5 using xhci_hcd
[  699.381393] usb 3-2.3: New USB device found, idVendor=2575, idProduct=0401, bcdDevice=14.30
[  699.381400] usb 3-2.3: New USB device strings: Mfr=1, Product=2, SerialNumber=0
[  699.381406] usb 3-2.3: Product: CoolTouchR System           
[  699.381410] usb 3-2.3: Manufacturer: Weida Hi-Tech               
[  699.392949] input: Weida Hi-Tech                CoolTouchR System            Mouse as /devices/pci0000:00/0000:00:1d.1/0000:04:00.0/usb3/3-2/3-2.3/3-2.3:1.0/0003:2575:0401.0009/input/input35
[  699.456384] input: Weida Hi-Tech                CoolTouchR System            as /devices/pci0000:00/0000:00:1d.1/0000:04:00.0/usb3/3-2/3-2.3/3-2.3:1.0/0003:2575:0401.0009/input/input36
[  699.457206] hid-multitouch 0003:2575:0401.0009: input,hiddev1,hidraw4: USB HID v1.10 Mouse [Weida Hi-Tech                CoolTouchR System           ] on usb-0000:04:00.0-2.3/input0
[  699.459753] usb 3-2.1.1: new low-speed USB device number 6 using xhci_hcd
[  699.570344] usb 3-2.1.1: New USB device found, idVendor=413c, idProduct=2011, bcdDevice=59.00
[  699.570354] usb 3-2.1.1: New USB device strings: Mfr=1, Product=2, SerialNumber=0
[  699.570360] usb 3-2.1.1: Product: Dell Multimedia Pro Keyboard
[  699.570365] usb 3-2.1.1: Manufacturer: Dell
[  699.585448] input: Dell Dell Multimedia Pro Keyboard as /devices/pci0000:00/0000:00:1d.1/0000:04:00.0/usb3/3-2/3-2.1/3-2.1.1/3-2.1.1:1.0/0003:413C:2011.000A/input/input37
[  699.644407] hid-generic 0003:413C:2011.000A: input,hidraw5: USB HID v1.10 Keyboard [Dell Dell Multimedia Pro Keyboard] on usb-0000:04:00.0-2.1.1/input0
[  699.651798] input: Dell Dell Multimedia Pro Keyboard Consumer Control as /devices/pci0000:00/0000:00:1d.1/0000:04:00.0/usb3/3-2/3-2.1/3-2.1.1/3-2.1.1:1.1/0003:413C:2011.000B/input/input38
[  699.712044] input: Dell Dell Multimedia Pro Keyboard System Control as /devices/pci0000:00/0000:00:1d.1/0000:04:00.0/usb3/3-2/3-2.1/3-2.1.1/3-2.1.1:1.1/0003:413C:2011.000B/input/input39
[  699.712410] hid-generic 0003:413C:2011.000B: input,hidraw6: USB HID v1.10 Device [Dell Dell Multimedia Pro Keyboard] on usb-0000:04:00.0-2.1.1/input1
[  703.556731] e1000e: enp0s31f6 NIC Link is Up 1000 Mbps Full Duplex, Flow Control: Rx/Tx
[  703.556812] IPv6: ADDRCONF(NETDEV_CHANGE): enp0s31f6: link becomes ready
